Archive member included to satisfy reference by file (symbol)

C:/Users/regue/.pico-sdk/toolchain/14_2_Rel1/bin/../lib/gcc/arm-none-eabi/14.2.1/thumb/v8-m.main+fp/softfp\libm.a(libm_a-wf_sqrt.o)
                              CMakeFiles/psramtest.dir/C_/Users/regue/.pico-sdk/sdk/2.2.0/src/rp2_common/pico_float/float_math.c.obj (sqrtf)
C:/Users/regue/.pico-sdk/toolchain/14_2_Rel1/bin/../lib/gcc/arm-none-eabi/14.2.1/thumb/v8-m.main+fp/softfp\libm.a(libm_a-ef_sqrt.o)
                              C:/Users/regue/.pico-sdk/toolchain/14_2_Rel1/bin/../lib/gcc/arm-none-eabi/14.2.1/thumb/v8-m.main+fp/softfp\libm.a(libm_a-wf_sqrt.o) (__ieee754_sqrtf)
C:/Users/regue/.pico-sdk/toolchain/14_2_Rel1/bin/../lib/gcc/arm-none-eabi/14.2.1/thumb/v8-m.main+fp/softfp\libgcc.a(_arm_addsubdf3.o)
                              CMakeFiles/psramtest.dir/psramtest.c.obj (__aeabi_f2d)
C:/Users/regue/.pico-sdk/toolchain/14_2_Rel1/bin/../lib/gcc/arm-none-eabi/14.2.1/thumb/v8-m.main+fp/softfp\libgcc.a(_aeabi_ldivmod.o)
                              CMakeFiles/psramtest.dir/sfe_psram.c.obj (__aeabi_ldivmod)
C:/Users/regue/.pico-sdk/toolchain/14_2_Rel1/bin/../lib/gcc/arm-none-eabi/14.2.1/thumb/v8-m.main+fp/softfp\libgcc.a(_aeabi_uldivmod.o)
                              CMakeFiles/psramtest.dir/C_/Users/regue/.pico-sdk/sdk/2.2.0/src/rp2_common/hardware_clocks/clocks.c.obj (__aeabi_uldivmod)
C:/Users/regue/.pico-sdk/toolchain/14_2_Rel1/bin/../lib/gcc/arm-none-eabi/14.2.1/thumb/v8-m.main+fp/softfp\libgcc.a(_udivmoddi4.o)
                              C:/Users/regue/.pico-sdk/toolchain/14_2_Rel1/bin/../lib/gcc/arm-none-eabi/14.2.1/thumb/v8-m.main+fp/softfp\libgcc.a(_aeabi_ldivmod.o) (__udivmoddi4)
C:/Users/regue/.pico-sdk/toolchain/14_2_Rel1/bin/../lib/gcc/arm-none-eabi/14.2.1/thumb/v8-m.main+fp/softfp\libgcc.a(_dvmd_tls.o)
                              C:/Users/regue/.pico-sdk/toolchain/14_2_Rel1/bin/../lib/gcc/arm-none-eabi/14.2.1/thumb/v8-m.main+fp/softfp\libgcc.a(_aeabi_ldivmod.o) (__aeabi_ldiv0)
C:/Users/regue/.pico-sdk/toolchain/14_2_Rel1/bin/../lib/gcc/arm-none-eabi/14.2.1/thumb/v8-m.main+fp/softfp\libg.a(libc_a-calloc.o)
                              CMakeFiles/psramtest.dir/C_/Users/regue/.pico-sdk/sdk/2.2.0/src/rp2_common/pico_malloc/malloc.c.obj (calloc)
C:/Users/regue/.pico-sdk/toolchain/14_2_Rel1/bin/../lib/gcc/arm-none-eabi/14.2.1/thumb/v8-m.main+fp/softfp\libg.a(libc_a-callocr.o)
                              C:/Users/regue/.pico-sdk/toolchain/14_2_Rel1/bin/../lib/gcc/arm-none-eabi/14.2.1/thumb/v8-m.main+fp/softfp\libg.a(libc_a-calloc.o) (_calloc_r)
C:/Users/regue/.pico-sdk/toolchain/14_2_Rel1/bin/../lib/gcc/arm-none-eabi/14.2.1/thumb/v8-m.main+fp/softfp\libg.a(libc_a-malloc.o)
                              CMakeFiles/psramtest.dir/C_/Users/regue/.pico-sdk/sdk/2.2.0/src/rp2_common/pico_malloc/malloc.c.obj (malloc)
C:/Users/regue/.pico-sdk/toolchain/14_2_Rel1/bin/../lib/gcc/arm-none-eabi/14.2.1/thumb/v8-m.main+fp/softfp\libg.a(libc_a-mallocr.o)
                              C:/Users/regue/.pico-sdk/toolchain/14_2_Rel1/bin/../lib/gcc/arm-none-eabi/14.2.1/thumb/v8-m.main+fp/softfp\libg.a(libc_a-callocr.o) (_malloc_r)
C:/Users/regue/.pico-sdk/toolchain/14_2_Rel1/bin/../lib/gcc/arm-none-eabi/14.2.1/thumb/v8-m.main+fp/softfp\libg.a(libc_a-mlock.o)
                              C:/Users/regue/.pico-sdk/toolchain/14_2_Rel1/bin/../lib/gcc/arm-none-eabi/14.2.1/thumb/v8-m.main+fp/softfp\libg.a(libc_a-mallocr.o) (__malloc_lock)
C:/Users/regue/.pico-sdk/toolchain/14_2_Rel1/bin/../lib/gcc/arm-none-eabi/14.2.1/thumb/v8-m.main+fp/softfp\libg.a(libc_a-rand.o)
                              CMakeFiles/psramtest.dir/psramtest.c.obj (rand)
C:/Users/regue/.pico-sdk/toolchain/14_2_Rel1/bin/../lib/gcc/arm-none-eabi/14.2.1/thumb/v8-m.main+fp/softfp\libg.a(libc_a-realloc.o)
                              CMakeFiles/psramtest.dir/C_/Users/regue/.pico-sdk/sdk/2.2.0/src/rp2_common/pico_malloc/malloc.c.obj (realloc)
C:/Users/regue/.pico-sdk/toolchain/14_2_Rel1/bin/../lib/gcc/arm-none-eabi/14.2.1/thumb/v8-m.main+fp/softfp\libg.a(libc_a-reallocr.o)
                              C:/Users/regue/.pico-sdk/toolchain/14_2_Rel1/bin/../lib/gcc/arm-none-eabi/14.2.1/thumb/v8-m.main+fp/softfp\libg.a(libc_a-realloc.o) (_realloc_r)
C:/Users/regue/.pico-sdk/toolchain/14_2_Rel1/bin/../lib/gcc/arm-none-eabi/14.2.1/thumb/v8-m.main+fp/softfp\libg.a(libc_a-ctype_.o)
                              CMakeFiles/psramtest.dir/C_/Users/regue/.pico-sdk/sdk/2.2.0/lib/tinyusb/src/tusb.c.obj (_ctype_)
C:/Users/regue/.pico-sdk/toolchain/14_2_Rel1/bin/../lib/gcc/arm-none-eabi/14.2.1/thumb/v8-m.main+fp/softfp\libg.a(libc_a-memcmp.o)
                              CMakeFiles/psramtest.dir/C_/Users/regue/.pico-sdk/sdk/2.2.0/src/rp2_common/pico_atomic/atomic.c.obj (memcmp)
C:/Users/regue/.pico-sdk/toolchain/14_2_Rel1/bin/../lib/gcc/arm-none-eabi/14.2.1/thumb/v8-m.main+fp/softfp\libg.a(libc_a-memmove.o)
[...]
Memory Configuration

Name             Origin             Length             Attributes
FLASH            0x10000000         0x00400000         xr
RAM              0x20000000         0x00080000         xrw
SCRATCH_X        0x20080000         0x00001000         xrw
SCRATCH_Y        0x20081000         0x00001000         xrw
*default*        0x00000000         0xffffffff

Linker script and memory map

LOAD C:/Users/regue/.pico-sdk/toolchain/14_2_Rel1/bin/../lib/gcc/arm-none-eabi/14.2.1/thumb/v8-m.main+fp/softfp/crti.o
LOAD C:/Users/regue/.pico-sdk/toolchain/14_2_Rel1/bin/../lib/gcc/arm-none-eabi/14.2.1/thumb/v8-m.main+fp/softfp/crtbegin.o
LOAD C:/Users/regue/.pico-sdk/toolchain/14_2_Rel1/bin/../lib/gcc/arm-none-eabi/14.2.1/thumb/v8-m.main+fp/softfp/crt0.o

.flash_begin    0x10000000        0x0
                0x10000000                        __flash_binary_start = .

.text           0x10000000     0x7ab0
                0x10000000                        __logical_binary_start = .
 *(.vectors)
 .vectors       0x10000000      0x124 CMakeFiles/psramtest.dir/C_/Users/regue/.pico-sdk/sdk/2.2.0/src/rp2_common/pico_crt0/crt0.S.obj
                0x10000000                __VECTOR_TABLE
                0x10000000                __vectors
                0x10000110                __unhandled_user_irq
                0x10000110                isr_irq49
                0x10000110                isr_irq13
                0x10000110                isr_irq43
                0x10000110                isr_irq45
                0x10000110                isr_irq27
                0x10000110                isr_irq32
                0x10000110                isr_irq31
                0x10000110                isr_irq12
                0x10000110                isr_irq5
                0x10000110                isr_irq11
                0x10000110                isr_irq3
                0x10000110                isr_irq23
                0x10000110                isr_usagefault
                0x10000110                isr_irq48
                0x10000110                isr_irq30
                0x10000110                isr_irq18
                0x10000110                isr_irq50
                0x10000110                isr_irq33
                0x10000110                isr_irq40
                0x10000110                isr_irq28
                0x10000110                isr_irq19
                0x10000110                isr_irq36
                0x10000110                isr_irq41
                0x10000110                isr_irq0
                0x10000110                isr_irq6
                0x10000110                isr_irq26
                0x10000110                isr_irq29
                0x10000110                isr_memmanage
                0x10000110                isr_irq37
                0x10000110                isr_irq42
                0x10000110                isr_irq22
                0x10000110                isr_irq35
                0x10000110                isr_irq17
                0x10000110                isr_irq38
                0x10000110                isr_irq14
                0x10000110                __vectors_end
                0x10000110                __default_isrs_start
                0x10000110                isr_irq2
                0x10000110                isr_irq10
                0x10000110                isr_irq8
                0x10000110                isr_debugmonitor
                0x10000110                isr_irq24
                0x10000110                isr_irq46
                0x10000110                isr_irq1
                0x10000110                isr_irq47
                0x10000110                isr_irq51
                0x10000110                isr_irq7
                0x10000110                isr_irq21
                0x10000110                isr_irq39
                0x10000110                isr_irq20
                0x10000110                isr_irq15
                0x10000110                isr_irq25
                0x10000110                isr_irq34
                0x10000110                isr_irq44
                0x10000110                isr_securefault
                0x10000110                isr_irq4
                0x10000110                isr_busfault
                0x10000110                isr_irq16
                0x10000110                isr_irq9
                0x10000116                unhandled_user_irq_num_in_r0
                0x10000118                isr_invalid
                0x1000011a                isr_nmi
                0x1000011c                isr_hardfault
                0x1000011e                isr_svcall
                0x10000120                isr_pendsv
                0x10000122                isr_systick
                0x10000124                __default_isrs_end
 *(.binary_info_header)
 .binary_info_header
                0x10000124       0x14 CMakeFiles/psramtest.dir/C_/Users/regue/.pico-sdk/sdk/2.2.0/src/rp2_common/pico_crt0/crt0.S.obj
                0x10000138                        __binary_info_header_end = .
 *(.embedded_block)
 .embedded_block
                0x10000138       0x14 CMakeFiles/psramtest.dir/C_/Users/regue/.pico-sdk/sdk/2.2.0/src/rp2_common/pico_crt0/crt0.S.obj
                0x1000014c                        __embedded_block_end = .
 *(.reset)
 .reset         0x1000014c       0x98 CMakeFiles/psramtest.dir/C_/Users/regue/.pico-sdk/sdk/2.2.0/src/rp2_common/pico_crt0/crt0.S.obj
                0x1000014c                _entry_point
 *(.init)
 .init          0x100001e4        0x4 C:/Users/regue/.pico-sdk/toolchain/14_2_Rel1/bin/../lib/gcc/arm-none-eabi/14.2.1/thumb/v8-m.main+fp/softfp/crti.o
                0x100001e4                _init
 SORT_BY_NAME(REVERSE(*libgcc.a:cmse_nonsecure_call.o))()
 *(EXCLUDE_FILE(*libm.a: *libc.a:*lib_a-mem*.o *libgcc.a:) .text*)
 .text.register_tm_clones
                0x100001e8       0x28 C:/Users/regue/.pico-sdk/toolchain/14_2_Rel1/bin/../lib/gcc/arm-none-eabi/14.2.1/thumb/v8-m.main+fp/softfp/crtbegin.o
 .text.frame_dummy
                0x10000210       0x24 C:/Users/regue/.pico-sdk/toolchain/14_2_Rel1/bin/../lib/gcc/arm-none-eabi/14.2.1/thumb/v8-m.main+fp/softfp/crtbegin.o
 .text.erase_data_block
                0x10000234       0x16 CMakeFiles/psramtest.dir/psramtest.c.obj
 .text.write_data_block
                0x1000024a       0x1a CMakeFiles/psramtest.dir/psramtest.c.obj
 .text.check_data_block
                0x10000264       0x34 CMakeFiles/psramtest.dir/psramtest.c.obj
 .text.memory_stats
                0x10000298       0x64 CMakeFiles/psramtest.dir/psramtest.c.obj
 .text.main     0x100002fc      0x1c4 CMakeFiles/psramtest.dir/psramtest.c.obj
                0x100002fc                main
 .text.max_free_walker
                0x100004c0        0xe CMakeFiles/psramtest.dir/sfe_pico_alloc.c.obj
 .text.memory_size_walker
                0x100004ce        0xa CMakeFiles/psramtest.dir/sfe_pico_alloc.c.obj
 .text.memory_used_walker
                0x100004d8        0xc CMakeFiles/psramtest.dir/sfe_pico_alloc.c.obj
 .text.sfe_pico_alloc_init
                0x100004e4       0x5c CMakeFiles/psramtest.dir/sfe_pico_alloc.c.obj
                0x100004e4                sfe_pico_alloc_init
 .text.sfe_mem_malloc
                0x10000540       0x20 CMakeFiles/psramtest.dir/sfe_pico_alloc.c.obj
                0x10000540                sfe_mem_malloc
 .text.sfe_mem_free
                0x10000560       0x1c CMakeFiles/psramtest.dir/sfe_pico_alloc.c.obj
                0x10000560                sfe_mem_free
 .text.sfe_mem_max_free_size
                0x1000057c       0x50 CMakeFiles/psramtest.dir/sfe_pico_alloc.c.obj
                0x1000057c                sfe_mem_max_free_size
 .text.sfe_mem_size
                0x100005cc       0x50 CMakeFiles/psramtest.dir/sfe_pico_alloc.c.obj
                0x100005cc                sfe_mem_size
 .text.sfe_mem_used
                0x1000061c       0x50 CMakeFiles/psramtest.dir/sfe_pico_alloc.c.obj
                0x1000061c                sfe_mem_used
 .text.sfe_setup_psram
                0x1000066c        0x8 CMakeFiles/psramtest.dir/sfe_psram.c.obj
                0x1000066c                sfe_setup_psram
 .text.control_construct
                0x10000674      0x138 CMakeFiles/psramtest.dir/tlsf.c.obj
 .text.default_walker
                0x100007ac       0x30 CMakeFiles/psramtest.dir/tlsf.c.obj
 .text.tlsf_walk_pool
                0x100007dc       0x64 CMakeFiles/psramtest.dir/tlsf.c.obj
                0x100007dc                tlsf_walk_pool
 .text.tlsf_size
                0x10000840        0xa CMakeFiles/psramtest.dir/tlsf.c.obj
                0x10000840                tlsf_size
 .text.tlsf_block_size_max
                0x1000084a       0x12 CMakeFiles/psramtest.dir/tlsf.c.obj
                0x1000084a                tlsf_block_size_max
 .text.tlsf_pool_overhead
                0x1000085c        0x4 CMakeFiles/psramtest.dir/tlsf.c.obj
                0x1000085c                tlsf_pool_overhead
 .text.tlsf_add_pool
                0x10000860      0x190 CMakeFiles/psramtest.dir/tlsf.c.obj
                0x10000860                tlsf_add_pool
 .text.tlsf_create
                0x100009f0       0x20 CMakeFiles/psramtest.dir/tlsf.c.obj
                0x100009f0                tlsf_create
 .text.tlsf_create_with_pool
                0x10000a10       0x28 CMakeFiles/psramtest.dir/tlsf.c.obj
                0x10000a10                tlsf_create_with_pool
 .text.tlsf_get_pool
                0x10000a38        0xc CMakeFiles/psramtest.dir/tlsf.c.obj
                0x10000a38                tlsf_get_pool
 .text.tlsf_malloc
                0x10000a44      0x3dc CMakeFiles/psramtest.dir/tlsf.c.obj
                0x10000a44                tlsf_malloc
 .text.tlsf_free
                0x10000e20      0x438 CMakeFiles/psramtest.dir/tlsf.c.obj
                0x10000e20                tlsf_free
 .text.gpio_set_function
                0x10001258       0x38 CMakeFiles/psramtest.dir/C_/Users/regue/.pico-sdk/sdk/2.2.0/src/rp2_common/hardware_gpio/gpio.c.obj
                0x10001258                gpio_set_function
 .text.panic    0x10001290       0x30 CMakeFiles/psramtest.dir/C_/Users/regue/.pico-sdk/sdk/2.2.0/src/rp2_common/pico_platform_panic/panic.c.obj
                0x10001290                panic
 .text.hw_claim_lock
                0x100012c0       0x24 CMakeFiles/psramtest.dir/C_/Users/regue/.pico-sdk/sdk/2.2.0/src/common/hardware_claim/claim.c.obj
                0x100012c0                hw_claim_lock
 .text.hw_claim_unlock
                0x100012e4       0x14 CMakeFiles/psramtest.dir/C_/Users/regue/.pico-sdk/sdk/2.2.0/src/common/hardware_claim/claim.c.obj
                0x100012e4                hw_claim_unlock
 .text.hw_claim_or_assert
                0x100012f8       0x32 CMakeFiles/psramtest.dir/C_/Users/regue/.pico-sdk/sdk/2.2.0/src/common/hardware_claim/claim.c.obj
                0x100012f8                hw_claim_or_assert
 .text.hw_claim_unused_from_range
                0x1000132a       0x4e CMakeFiles/psramtest.dir/C_/Users/regue/.pico-sdk/sdk/2.2.0/src/common/hardware_claim/claim.c.obj
                0x1000132a                hw_claim_unused_from_range
 .text.next_striped_spin_lock_num
                0x10001378       0x1c CMakeFiles/psramtest.dir/C_/Users/regue/.pico-sdk/sdk/2.2.0/src/rp2_common/hardware_sync/sync.c.obj
                0x10001378                next_striped_spin_lock_num
 .text.spin_lock_claim_unused
                0x10001394       0x24 CMakeFiles/psramtest.dir/C_/Users/regue/.pico-sdk/sdk/2.2.0/src/rp2_common/hardware_sync/sync.c.obj
                0x10001394                spin_lock_claim_unused
 .text.spinlock_set_extexclall
                0x100013b8        0xe CMakeFiles/psramtest.dir/C_/Users/regue/.pico-sdk/sdk/2.2.0/src/rp2_common/hardware_sync_spin_lock/sync_spin_lock.c.obj
 *fill*         0x100013c6        0x2 
 .text.spin_locks_reset
                0x100013c8       0x1c CMakeFiles/psramtest.dir/C_/Users/regue/.pico-sdk/sdk/2.2.0/src/rp2_common/hardware_sync_spin_lock/sync_spin_lock.c.obj
                0x100013c8                spin_locks_reset
 .text.set_raw_irq_handler_and_unlock
                0x100013e4       0x24 CMakeFiles/psramtest.dir/C_/Users/regue/.pico-sdk/sdk/2.2.0/src/rp2_common/hardware_irq/irq.c.obj
 .text.nvic_ipr0
                0x10001408        0x8 CMakeFiles/psramtest.dir/C_/Users/regue/.pico-sdk/sdk/2.2.0/src/rp2_common/hardware_irq/irq.c.obj
 .text.runtime_init_per_core_irq_priorities
                0x10001410       0x1c CMakeFiles/psramtest.dir/C_/Users/regue/.pico-sdk/sdk/2.2.0/src/rp2_common/hardware_irq/irq.c.obj
                0x10001410                runtime_init_per_core_irq_priorities
 .text.resolve_j_16
                0x1000142c       0x40 CMakeFiles/psramtest.dir/C_/Users/regue/.pico-sdk/sdk/2.2.0/src/rp2_common/hardware_irq/irq.c.obj
 .text.make_j_16
                0x1000146c       0x3c CMakeFiles/psramtest.dir/C_/Users/regue/.pico-sdk/sdk/2.2.0/src/rp2_common/hardware_irq/irq.c.obj
 .text.irq_is_enabled
                0x100014a8       0x20 CMakeFiles/psramtest.dir/C_/Users/regue/.pico-sdk/sdk/2.2.0/src/rp2_common/hardware_irq/irq.c.obj
                0x100014a8                irq_is_enabled
 .text.irq_set_mask_n_enabled
                0x100014c8       0x20 CMakeFiles/psramtest.dir/C_/Users/regue/.pico-sdk/sdk/2.2.0/src/rp2_common/hardware_irq/irq.c.obj
                0x100014c8                irq_set_mask_n_enabled
 .text.irq_set_enabled
                0x100014e8       0x14 CMakeFiles/psramtest.dir/C_/Users/regue/.pico-sdk/sdk/2.2.0/src/rp2_common/hardware_irq/irq.c.obj
                0x100014e8                irq_set_enabled
 .text.irq_set_pending
                0x100014fc       0x18 CMakeFiles/psramtest.dir/C_/Users/regue/.pico-sdk/sdk/2.2.0/src/rp2_common/hardware_irq/irq.c.obj
                0x100014fc                irq_set_pending
 .text.irq_get_vtable_handler
                0x10001514       0x10 CMakeFiles/psramtest.dir/C_/Users/regue/.pico-sdk/sdk/2.2.0/src/rp2_common/hardware_irq/irq.c.obj
                0x10001514                irq_get_vtable_handler
 .text.irq_has_shared_handler
                0x10001524       0x18 CMakeFiles/psramtest.dir/C_/Users/regue/.pico-sdk/sdk/2.2.0/src/rp2_common/hardware_irq/irq.c.obj
                0x10001524                irq_has_shared_handler
 .text.irq_set_exclusive_handler
                0x1000153c       0x60 CMakeFiles/psramtest.dir/C_/Users/regue/.pico-sdk/sdk/2.2.0/src/rp2_common/hardware_irq/irq.c.obj
                0x1000153c                irq_set_exclusive_handler
 .text.irq_add_shared_handler
                0x1000159c      0x234 CMakeFiles/psramtest.dir/C_/Users/regue/.pico-sdk/sdk/2.2.0/src/rp2_common/hardware_irq/irq.c.obj
                0x1000159c                irq_add_shared_handler
 .text.irq_add_tail_to_free_list
                0x100017d0       0xf8 CMakeFiles/psramtest.dir/C_/Users/regue/.pico-sdk/sdk/2.2.0/src/rp2_common/hardware_irq/irq.c.obj
                0x100017d0                irq_add_tail_to_free_list
 .text.user_irq_claim_unused
                0x100018c8       0x2c CMakeFiles/psramtest.dir/C_/Users/regue/.pico-sdk/sdk/2.2.0/src/rp2_common/hardware_irq/irq.c.obj
                0x100018c8                user_irq_claim_unused
 .text.lock_init
                0x100018f4        0xc CMakeFiles/psramtest.dir/C_/Users/regue/.pico-sdk/sdk/2.2.0/src/common/pico_sync/lock_core.c.obj
                0x100018f4                lock_init
 .text.mutex_init
                0x10001900       0x1a CMakeFiles/psramtest.dir/C_/Users/regue/.pico-sdk/sdk/2.2.0/src/common/pico_sync/mutex.c.obj
                0x10001900                mutex_init
 .text.recursive_mutex_init
                0x1000191a       0x1e CMakeFiles/psramtest.dir/C_/Users/regue/.pico-sdk/sdk/2.2.0/src/common/pico_sync/mutex.c.obj
                0x1000191a                recursive_mutex_init
 .text.runtime_init_mutex
                0x10001938       0x4c CMakeFiles/psramtest.dir/C_/Users/regue/.pico-sdk/sdk/2.2.0/src/common/pico_sync/mutex.c.obj
                0x10001938                runtime_init_mutex
 .text.critical_section_init_with_lock_num
                0x10001984       0x10 CMakeFiles/psramtest.dir/C_/Users/regue/.pico-sdk/sdk/2.2.0/src/common/pico_sync/critical_section.c.obj
                0x10001984                critical_section_init_with_lock_num
 .text.critical_section_init
                0x10001994       0x14 CMakeFiles/psramtest.dir/C_/Users/regue/.pico-sdk/sdk/2.2.0/src/common/pico_sync/critical_section.c.obj
                0x10001994                critical_section_init
 .text.ta_from_current_irq
                0x100019a8       0x24 CMakeFiles/psramtest.dir/C_/Users/regue/.pico-sdk/sdk/2.2.0/src/common/pico_time/time.c.obj
 .text.ta_set_timeout
                0x100019cc       0x2a CMakeFiles/psramtest.dir/C_/Users/regue/.pico-sdk/sdk/2.2.0/src/common/pico_time/time.c.obj
 .text.make_alarm_id
                0x100019f6        0x6 CMakeFiles/psramtest.dir/C_/Users/regue/.pico-sdk/sdk/2.2.0/src/common/pico_time/time.c.obj
 .text.sleep_until_callback
                0x100019fc       0x3c CMakeFiles/psramtest.dir/C_/Users/regue/.pico-sdk/sdk/2.2.0/src/common/pico_time/time.c.obj
 .text.alarm_pool_irq_handler
                0x10001a38      0x2ec CMakeFiles/psramtest.dir/C_/Users/regue/.pico-sdk/sdk/2.2.0/src/common/pico_time/time.c.obj
 .text.ta_enable_irq_handler
                0x10001d24       0x38 CMakeFiles/psramtest.dir/C_/Users/regue/.pico-sdk/sdk/2.2.0/src/common/pico_time/time.c.obj
 .text.alarm_pool_post_alloc_init
                0x10001d5c       0x7c CMakeFiles/psramtest.dir/C_/Users/regue/.pico-sdk/sdk/2.2.0/src/common/pico_time/time.c.obj
 .text.alarm_pool_get_default
                0x10001dd8       0x28 CMakeFiles/psramtest.dir/C_/Users/regue/.pico-sdk/sdk/2.2.0/src/common/pico_time/time.c.obj
                0x10001dd8                alarm_pool_get_default
 .text.alarm_pool_add_alarm_at_force_in_context
                0x10001e00       0xc0 CMakeFiles/psramtest.dir/C_/Users/regue/.pico-sdk/sdk/2.2.0/src/common/pico_time/time.c.obj
                0x10001e00                alarm_pool_add_alarm_at_force_in_context
 .text.alarm_pool_add_alarm_at
                0x10001ec0       0x38 CMakeFiles/psramtest.dir/C_/Users/regue/.pico-sdk/sdk/2.2.0/src/common/pico_time/time.c.obj
                0x10001ec0                alarm_pool_add_alarm_at
 .text.add_alarm_at
                0x10001ef8       0x26 CMakeFiles/psramtest.dir/C_/Users/regue/.pico-sdk/sdk/2.2.0/src/common/pico_time/time.c.obj
 .text.alarm_pool_cancel_alarm
                0x10001f1e       0x72 CMakeFiles/psramtest.dir/C_/Users/regue/.pico-sdk/sdk/2.2.0/src/common/pico_time/time.c.obj
                0x10001f1e                alarm_pool_cancel_alarm
 .text.cancel_alarm
                0x10001f90       0x10 CMakeFiles/psramtest.dir/C_/Users/regue/.pico-sdk/sdk/2.2.0/src/common/pico_time/time.c.obj
 .text.alarm_pool_core_num
                0x10001fa0        0x4 CMakeFiles/psramtest.dir/C_/Users/regue/.pico-sdk/sdk/2.2.0/src/common/pico_time/time.c.obj
                0x10001fa0                alarm_pool_core_num
 .text.sleep_until
                0x10001fa4       0xb4 CMakeFiles/psramtest.dir/C_/Users/regue/.pico-sdk/sdk/2.2.0/src/common/pico_time/time.c.obj
                0x10001fa4                sleep_until
 .text.sleep_us
                0x10002058       0x24 CMakeFiles/psramtest.dir/C_/Users/regue/.pico-sdk/sdk/2.2.0/src/common/pico_time/time.c.obj
                0x10002058                sleep_us
 .text.sleep_ms
                0x1000207c       0x28 CMakeFiles/psramtest.dir/C_/Users/regue/.pico-sdk/sdk/2.2.0/src/common/pico_time/time.c.obj
                0x1000207c                sleep_ms
 .text.best_effort_wfe_or_timeout
                0x100020a4       0xfc CMakeFiles/psramtest.dir/C_/Users/regue/.pico-sdk/sdk/2.2.0/src/common/pico_time/time.c.obj
                0x100020a4                best_effort_wfe_or_timeout
 .text.alarm_pool_get_default_timer
                0x100021a0        0x8 CMakeFiles/psramtest.dir/C_/Users/regue/.pico-sdk/sdk/2.2.0/src/common/pico_time/time.c.obj
                0x100021a0                alarm_pool_get_default_timer
 .text.runtime_init_default_alarm_pool
                0x100021a8       0x34 CMakeFiles/psramtest.dir/C_/Users/regue/.pico-sdk/sdk/2.2.0/src/common/pico_time/time.c.obj
                0x100021a8                runtime_init_default_alarm_pool
 .text.timer_hardware_alarm_claim
                0x100021dc       0x24 CMakeFiles/psramtest.dir/C_/Users/regue/.pico-sdk/sdk/2.2.0/src/rp2_common/hardware_timer/timer.c.obj
                0x100021dc                timer_hardware_alarm_claim
 .text.timer_time_us_64
                0x10002200       0x10 CMakeFiles/psramtest.dir/C_/Users/regue/.pico-sdk/sdk/2.2.0/src/rp2_common/hardware_timer/timer.c.obj
                0x10002200                timer_time_us_64
 .text.timer_busy_wait_until
                0x10002210       0x1a CMakeFiles/psramtest.dir/C_/Users/regue/.pico-sdk/sdk/2.2.0/src/rp2_common/hardware_timer/timer.c.obj
                0x10002210                timer_busy_wait_until
 *fill*         0x1000222a        0x2 
 .text.time_us_64
                0x1000222c       0x10 CMakeFiles/psramtest.dir/C_/Users/regue/.pico-sdk/sdk/2.2.0/src/rp2_common/hardware_timer/timer.c.obj
                0x1000222c                time_us_64
 .text.busy_wait_until
                0x1000223c       0x14 CMakeFiles/psramtest.dir/C_/Users/regue/.pico-sdk/sdk/2.2.0/src/rp2_common/hardware_timer/timer.c.obj
                0x1000223c                busy_wait_until
 .text.clock_configure_internal
                0x10002250       0xb8 CMakeFiles/psramtest.dir/C_/Users/regue/.pico-sdk/sdk/2.2.0/src/rp2_common/hardware_clocks/clocks.c.obj
 .text.clock_configure_undivided
                0x10002308       0x12 CMakeFiles/psramtest.dir/C_/Users/regue/.pico-sdk/sdk/2.2.0/src/rp2_common/hardware_clocks/clocks.c.obj
                0x10002308                clock_configure_undivided
 *fill*         0x1000231a        0x2 
 .text.clock_get_hz
                0x1000231c        0xc CMakeFiles/psramtest.dir/C_/Users/regue/.pico-sdk/sdk/2.2.0/src/rp2_common/hardware_clocks/clocks.c.obj
                0x1000231c                clock_get_hz
 .text.pll_init
                0x10002328      0x108 CMakeFiles/psramtest.dir/C_/Users/regue/.pico-sdk/sdk/2.2.0/src/rp2_common/hardware_pll/pll.c.obj
                0x10002328                pll_init
 .text.watchdog_update
                0x10002430       0x14 CMakeFiles/psramtest.dir/C_/Users/regue/.pico-sdk/sdk/2.2.0/src/rp2_common/hardware_watchdog/watchdog.c.obj
                0x10002430                watchdog_update
 .text._watchdog_enable
                0x10002444       0x6c CMakeFiles/psramtest.dir/C_/Users/regue/.pico-sdk/sdk/2.2.0/src/rp2_common/hardware_watchdog/watchdog.c.obj
                0x10002444                _watchdog_enable
 .text.watchdog_reboot
                0x100024b0       0x44 CMakeFiles/psramtest.dir/C_/Users/regue/.pico-sdk/sdk/2.2.0/src/rp2_common/hardware_watchdog/watchdog.c.obj
                0x100024b0                watchdog_reboot
 .text.tick_start
                0x100024f4       0x1c CMakeFiles/psramtest.dir/C_/Users/regue/.pico-sdk/sdk/2.2.0/src/rp2_common/hardware_ticks/ticks.c.obj
                0x100024f4                tick_start
 .text.rom_reboot
                0x10002510       0x40 CMakeFiles/psramtest.dir/C_/Users/regue/.pico-sdk/sdk/2.2.0/src/rp2_common/pico_bootrom/bootrom.c.obj
 .text.rom_func_lookup
                0x10002550       0x1e CMakeFiles/psramtest.dir/C_/Users/regue/.pico-sdk/sdk/2.2.0/src/rp2_common/pico_bootrom/bootrom.c.obj
                0x10002550                rom_func_lookup
 .text.rom_reset_usb_boot_extra
                0x1000256e       0x20 CMakeFiles/psramtest.dir/C_/Users/regue/.pico-sdk/sdk/2.2.0/src/rp2_common/pico_bootrom/bootrom.c.obj
                0x1000256e                rom_reset_usb_boot_extra
 *fill*         0x1000258e        0x2 
 .text.runtime_init_bootrom_locking_enable
                0x10002590       0x14 CMakeFiles/psramtest.dir/C_/Users/regue/.pico-sdk/sdk/2.2.0/src/rp2_common/pico_bootrom/bootrom_lock.c.obj
                0x10002590                runtime_init_bootrom_locking_enable
 .text.boot_locks_reset
                0x100025a4       0x20 CMakeFiles/psramtest.dir/C_/Users/regue/.pico-sdk/sdk/2.2.0/src/rp2_common/hardware_boot_lock/boot_lock.c.obj
                0x100025a4                boot_locks_reset
 .text.runtime_init_boot_locks_reset
                0x100025c4        0x8 CMakeFiles/psramtest.dir/C_/Users/regue/.pico-sdk/sdk/2.2.0/src/rp2_common/hardware_boot_lock/boot_lock.c.obj
                0x100025c4                runtime_init_boot_locks_reset
 .text.xosc_init
                0x100025cc       0x28 CMakeFiles/psramtest.dir/C_/Users/regue/.pico-sdk/sdk/2.2.0/src/rp2_common/hardware_xosc/xosc.c.obj
                0x100025cc                xosc_init
 .text.runtime_run_initializers_from
                0x100025f4       0x18 CMakeFiles/psramtest.dir/C_/Users/regue/.pico-sdk/sdk/2.2.0/src/rp2_common/pico_runtime/runtime.c.obj
 .text.first_per_core_initializer
                0x1000260c        0x2 CMakeFiles/psramtest.dir/C_/Users/regue/.pico-sdk/sdk/2.2.0/src/rp2_common/pico_runtime/runtime.c.obj
 *fill*         0x1000260e        0x2 
 .text.runtime_run_initializers
                0x10002610       0x10 CMakeFiles/psramtest.dir/C_/Users/regue/.pico-sdk/sdk/2.2.0/src/rp2_common/pico_runtime/runtime.c.obj
                0x10002610                runtime_run_initializers
 .text.runtime_init_early_resets
                0x10002620       0x2c CMakeFiles/psramtest.dir/C_/Users/regue/.pico-sdk/sdk/2.2.0/src/rp2_common/pico_runtime_init/runtime_init.c.obj
                0x10002620                runtime_init_early_resets
 .text.runtime_init_usb_power_down
                0x1000264c       0x20 CMakeFiles/psramtest.dir/C_/Users/regue/.pico-sdk/sdk/2.2.0/src/rp2_common/pico_runtime_init/runtime_init.c.obj
                0x1000264c                runtime_init_usb_power_down
 .text.runtime_init_per_core_enable_coprocessors
                0x1000266c       0x1c CMakeFiles/psramtest.dir/C_/Users/regue/.pico-sdk/sdk/2.2.0/src/rp2_common/pico_runtime_init/runtime_init.c.obj
                0x1000266c                runtime_init_per_core_enable_coprocessors
 .text.runtime_init_post_clock_resets
                0x10002688       0x20 CMakeFiles/psramtest.dir/C_/Users/regue/.pico-sdk/sdk/2.2.0/src/rp2_common/pico_runtime_init/runtime_init.c.obj
                0x10002688                runtime_init_post_clock_resets
 .text.runtime_init_bootrom_reset
                0x100026a8       0x12 CMakeFiles/psramtest.dir/C_/Users/regue/.pico-sdk/sdk/2.2.0/src/rp2_common/pico_runtime_init/runtime_init.c.obj
                0x100026a8                runtime_init_bootrom_reset
 .text.runtime_init_per_core_bootrom_reset
                0x100026ba       0x12 CMakeFiles/psramtest.dir/C_/Users/regue/.pico-sdk/sdk/2.2.0/src/rp2_common/pico_runtime_init/runtime_init.c.obj
                0x100026ba                runtime_init_per_core_bootrom_reset
 .text.runtime_init_spin_locks_reset
                0x100026cc        0x8 CMakeFiles/psramtest.dir/C_/Users/regue/.pico-sdk/sdk/2.2.0/src/rp2_common/pico_runtime_init/runtime_init.c.obj
                0x100026cc                runtime_init_spin_locks_reset
 .text.runtime_init_install_ram_vector_table
                0x100026d4       0x48 CMakeFiles/psramtest.dir/C_/Users/regue/.pico-sdk/sdk/2.2.0/src/rp2_common/pico_runtime_init/runtime_init.c.obj
                0x100026d4                runtime_init_install_ram_vector_table
 .text.start_all_ticks
                0x1000271c       0x28 CMakeFiles/psramtest.dir/C_/Users/regue/.pico-sdk/sdk/2.2.0/src/rp2_common/pico_runtime_init/runtime_init_clocks.c.obj
 .text.runtime_init_clocks
                0x10002744       0xc4 CMakeFiles/psramtest.dir/C_/Users/regue/.pico-sdk/sdk/2.2.0/src/rp2_common/pico_runtime_init/runtime_init_clocks.c.obj
                0x10002744                runtime_init_clocks
 .text.__rp2350_dcp_engaged_state_save_restore
                0x10002808       0x3a CMakeFiles/psramtest.dir/C_/Users/regue/.pico-sdk/sdk/2.2.0/src/rp2_common/pico_double/double_aeabi_dcp.S.obj
 *fill*         0x10002842        0x2 
 .text.__wrap___aeabi_dadd
                0x10002844       0x28 CMakeFiles/psramtest.dir/C_/Users/regue/.pico-sdk/sdk/2.2.0/src/rp2_common/pico_double/double_aeabi_dcp.S.obj
                0x1000284c                __wrap___aeabi_dadd
 .text.__wrap___aeabi_dsub
                0x1000286c       0x28 CMakeFiles/psramtest.dir/C_/Users/regue/.pico-sdk/sdk/2.2.0/src/rp2_common/pico_double/double_aeabi_dcp.S.obj
                0x10002874                __wrap___aeabi_dsub
 .text.__wrap___aeabi_dmul
                0x10002894       0x4c CMakeFiles/psramtest.dir/C_/Users/regue/.pico-sdk/sdk/2.2.0/src/rp2_common/pico_double/double_aeabi_dcp.S.obj
                0x1000289c                __wrap___aeabi_dmul
 .text.__wrap___aeabi_ddiv
                0x100028e0       0x9c CMakeFiles/psramtest.dir/C_/Users/regue/.pico-sdk/sdk/2.2.0/src/rp2_common/pico_double/double_aeabi_dcp.S.obj
                0x100028e8                __wrap___aeabi_ddiv
 .text.__wrap___aeabi_i2d
                0x1000297c       0x24 CMakeFiles/psramtest.dir/C_/Users/regue/.pico-sdk/sdk/2.2.0/src/rp2_common/pico_double/double_aeabi_dcp.S.obj
                0x10002984                int2double
                0x10002984                __wrap___aeabi_i2d
 .text.__wrap___aeabi_ui2d
                0x100029a0       0x24 CMakeFiles/psramtest.dir/C_/Users/regue/.pico-sdk/sdk/2.2.0/src/rp2_common/pico_double/double_aeabi_dcp.S.obj
                0x100029a8                uint2double
                0x100029a8                __wrap___aeabi_ui2d
 .text.__wrap___aeabi_d2iz
                0x100029c4       0x24 CMakeFiles/psramtest.dir/C_/Users/regue/.pico-sdk/sdk/2.2.0/src/rp2_common/pico_double/double_aeabi_dcp.S.obj
                0x100029cc                double2int_z
                0x100029cc                __wrap___aeabi_d2iz
 .text.__wrap___aeabi_d2uiz
                0x100029e8       0x24 CMakeFiles/psramtest.dir/C_/Users/regue/.pico-sdk/sdk/2.2.0/src/rp2_common/pico_double/double_aeabi_dcp.S.obj
                0x100029f0                double2uint
                0x100029f0                __wrap___aeabi_d2uiz
                0x100029f0                double2uint_z
 .text.__wrap___aeabi_dcmpun
                0x10002a0c       0x24 CMakeFiles/psramtest.dir/C_/Users/regue/.pico-sdk/sdk/2.2.0/src/rp2_common/pico_double/double_aeabi_dcp.S.obj
                0x10002a14                __wrap___aeabi_dcmpun
 .text.__wrap___aeabi_dcmplt
                0x10002a30       0x28 CMakeFiles/psramtest.dir/C_/Users/regue/.pico-sdk/sdk/2.2.0/src/rp2_common/pico_double/double_aeabi_dcp.S.obj
                0x10002a38                __wrap___aeabi_dcmplt
 .text.__wrap___aeabi_dcmple
                0x10002a58       0x28 CMakeFiles/psramtest.dir/C_/Users/regue/.pico-sdk/sdk/2.2.0/src/rp2_common/pico_double/double_aeabi_dcp.S.obj
                0x10002a60                __wrap___aeabi_dcmple
 .text.__wrap___aeabi_dcmpge
                0x10002a80       0x28 CMakeFiles/psramtest.dir/C_/Users/regue/.pico-sdk/sdk/2.2.0/src/rp2_common/pico_double/double_aeabi_dcp.S.obj
                0x10002a88                __wrap___aeabi_dcmpge
 .text.__wrap___aeabi_dcmpgt
                0x10002aa8       0x28 CMakeFiles/psramtest.dir/C_/Users/regue/.pico-sdk/sdk/2.2.0/src/rp2_common/pico_double/double_aeabi_dcp.S.obj
                0x10002ab0                __wrap___aeabi_dcmpgt
 .text.check_alloc
                0x10002ad0       0x20 CMakeFiles/psramtest.dir/C_/Users/regue/.pico-sdk/sdk/2.2.0/src/rp2_common/pico_malloc/malloc.c.obj
 .text.__wrap_malloc
                0x10002af0       0x14 CMakeFiles/psramtest.dir/C_/Users/regue/.pico-sdk/sdk/2.2.0/src/rp2_common/pico_malloc/malloc.c.obj
                0x10002af0                __wrap_malloc
 .text.__wrap_free
                0x10002b04        0x8 CMakeFiles/psramtest.dir/C_/Users/regue/.pico-sdk/sdk/2.2.0/src/rp2_common/pico_malloc/malloc.c.obj
                0x10002b04                __wrap_free
 .text._out_null
                0x10002b0c        0x2 CMakeFiles/psramtest.dir/C_/Users/regue/.pico-sdk/sdk/2.2.0/src/rp2_common/pico_printf/printf.c.obj
 .text._out_fct
                0x10002b0e        0xe CMakeFiles/psramtest.dir/C_/Users/regue/.pico-sdk/sdk/2.2.0/src/rp2_common/pico_printf/printf.c.obj
 .text._atoi    0x10002b1c       0x26 CMakeFiles/psramtest.dir/C_/Users/regue/.pico-sdk/sdk/2.2.0/src/rp2_common/pico_printf/printf.c.obj
 .text._out_rev
                0x10002b42       0x7e CMakeFiles/psramtest.dir/C_/Users/regue/.pico-sdk/sdk/2.2.0/src/rp2_common/pico_printf/printf.c.obj
 .text._ntoa_format
                0x10002bc0      0x134 CMakeFiles/psramtest.dir/C_/Users/regue/.pico-sdk/sdk/2.2.0/src/rp2_common/pico_printf/printf.c.obj
 .text._ntoa_long
                0x10002cf4       0x94 CMakeFiles/psramtest.dir/C_/Users/regue/.pico-sdk/sdk/2.2.0/src/rp2_common/pico_printf/printf.c.obj
 .text._ntoa_long_long
                0x10002d88       0xc2 CMakeFiles/psramtest.dir/C_/Users/regue/.pico-sdk/sdk/2.2.0/src/rp2_common/pico_printf/printf.c.obj
 *fill*         0x10002e4a        0x6 
 .text._etoa    0x10002e50      0x420 CMakeFiles/psramtest.dir/C_/Users/regue/.pico-sdk/sdk/2.2.0/src/rp2_common/pico_printf/printf.c.obj
 .text._ftoa    0x10003270      0x398 CMakeFiles/psramtest.dir/C_/Users/regue/.pico-sdk/sdk/2.2.0/src/rp2_common/pico_printf/printf.c.obj
 .text._vsnprintf
                0x10003608      0x6d8 CMakeFiles/psramtest.dir/C_/Users/regue/.pico-sdk/sdk/2.2.0/src/rp2_common/pico_printf/printf.c.obj
 .text.vfctprintf
                0x10003ce0       0x24 CMakeFiles/psramtest.dir/C_/Users/regue/.pico-sdk/sdk/2.2.0/src/rp2_common/pico_printf/printf.c.obj
                0x10003ce0                vfctprintf
 .text._exit    0x10003d04        0x4 CMakeFiles/psramtest.dir/C_/Users/regue/.pico-sdk/sdk/2.2.0/src/rp2_common/pico_clib_interface/newlib_interface.c.obj
                0x10003d04                _exit
 .text._sbrk    0x10003d08       0x34 CMakeFiles/psramtest.dir/C_/Users/regue/.pico-sdk/sdk/2.2.0/src/rp2_common/pico_clib_interface/newlib_interface.c.obj
                0x10003d08                _sbrk
 .text.exit     0x10003d3c        0x6 CMakeFiles/psramtest.dir/C_/Users/regue/.pico-sdk/sdk/2.2.0/src/rp2_common/pico_clib_interface/newlib_interface.c.obj
                0x10003d3c                exit
 *fill*         0x10003d42        0x2 
 .text.__assert_func
                0x10003d44       0x34 CMakeFiles/psramtest.dir/C_/Users/regue/.pico-sdk/sdk/2.2.0/src/rp2_common/pico_clib_interface/newlib_interface.c.obj
                0x10003d44                __assert_func
 .text.runtime_init
                0x10003d78       0x2c CMakeFiles/psramtest.dir/C_/Users/regue/.pico-sdk/sdk/2.2.0/src/rp2_common/pico_clib_interface/newlib_interface.c.obj
                0x10003d78                runtime_init
 .text.stdio_out_chars_no_crlf
                0x10003da4        0xe CMakeFiles/psramtest.dir/C_/Users/regue/.pico-sdk/sdk/2.2.0/src/rp2_common/pico_stdio/stdio.c.obj
 *fill*         0x10003db2        0x2 
 .text.stdio_out_chars_crlf
                0x10003db4       0x80 CMakeFiles/psramtest.dir/C_/Users/regue/.pico-sdk/sdk/2.2.0/src/rp2_common/pico_stdio/stdio.c.obj
 .text.stdio_stack_buffer_flush
                0x10003e34       0x40 CMakeFiles/psramtest.dir/C_/Users/regue/.pico-sdk/sdk/2.2.0/src/rp2_common/pico_stdio/stdio.c.obj
 .text.stdio_buffered_printer
                0x10003e74       0x20 CMakeFiles/psramtest.dir/C_/Users/regue/.pico-sdk/sdk/2.2.0/src/rp2_common/pico_stdio/stdio.c.obj
 .text.stdout_serialize_begin
                0x10003e94       0x2c CMakeFiles/psramtest.dir/C_/Users/regue/.pico-sdk/sdk/2.2.0/src/rp2_common/pico_stdio/stdio.c.obj
                0x10003e94                stdout_serialize_begin
 .text.stdout_serialize_end
                0x10003ec0       0x10 CMakeFiles/psramtest.dir/C_/Users/regue/.pico-sdk/sdk/2.2.0/src/rp2_common/pico_stdio/stdio.c.obj
                0x10003ec0                stdout_serialize_end
 .text.stdio_put_string
                0x10003ed0       0x8c CMakeFiles/psramtest.dir/C_/Users/regue/.pico-sdk/sdk/2.2.0/src/rp2_common/pico_stdio/stdio.c.obj
                0x10003ed0                stdio_put_string
 .text.stdio_set_driver_enabled
                0x10003f5c       0x2c CMakeFiles/psramtest.dir/C_/Users/regue/.pico-sdk/sdk/2.2.0/src/rp2_common/pico_stdio/stdio.c.obj
                0x10003f5c                stdio_set_driver_enabled
 .text.stdio_flush
                0x10003f88       0x1c CMakeFiles/psramtest.dir/C_/Users/regue/.pico-sdk/sdk/2.2.0/src/rp2_common/pico_stdio/stdio.c.obj
                0x10003f88                stdio_flush
 .text.stdio_init_all
                0x10003fa4        0x8 CMakeFiles/psramtest.dir/C_/Users/regue/.pico-sdk/sdk/2.2.0/src/rp2_common/pico_stdio/stdio.c.obj
                0x10003fa4                stdio_init_all
 .text.__wrap_putchar
                0x10003fac       0x1e CMakeFiles/psramtest.dir/C_/Users/regue/.pico-sdk/sdk/2.2.0/src/rp2_common/pico_stdio/stdio.c.obj
                0x10003fac                __wrap_putchar
                0x10003fac                stdio_putchar
 .text.__wrap_puts
                0x10003fca       0x1e CMakeFiles/psramtest.dir/C_/Users/regue/.pico-sdk/sdk/2.2.0/src/rp2_common/pico_stdio/stdio.c.obj
                0x10003fca                stdio_puts
                0x10003fca                __wrap_puts
 .text.__wrap_vprintf
                0x10003fe8       0x40 CMakeFiles/psramtest.dir/C_/Users/regue/.pico-sdk/sdk/2.2.0/src/rp2_common/pico_stdio/stdio.c.obj
                0x10003fe8                stdio_vprintf
                0x10003fe8                __wrap_vprintf
 .text.__wrap_printf
                0x10004028       0x1c CMakeFiles/psramtest.dir/C_/Users/regue/.pico-sdk/sdk/2.2.0/src/rp2_common/pico_stdio/stdio.c.obj
                0x10004028                __wrap_printf
                0x10004028                stdio_printf
 .text.resetd_init
                0x10004044        0x2 CMakeFiles/psramtest.dir/C_/Users/regue/.pico-sdk/sdk/2.2.0/src/rp2_common/pico_stdio_usb/reset_interface.c.obj
 *fill*         0x10004046        0x2 
 .text.resetd_reset
                0x10004048        0xc CMakeFiles/psramtest.dir/C_/Users/regue/.pico-sdk/sdk/2.2.0/src/rp2_common/pico_stdio_usb/reset_interface.c.obj
 .text.resetd_open
                0x10004054       0x34 CMakeFiles/psramtest.dir/C_/Users/regue/.pico-sdk/sdk/2.2.0/src/rp2_common/pico_stdio_usb/reset_interface.c.obj
 .text.resetd_xfer_cb
                0x10004088        0x4 CMakeFiles/psramtest.dir/C_/Users/regue/.pico-sdk/sdk/2.2.0/src/rp2_common/pico_stdio_usb/reset_interface.c.obj
 .text.resetd_control_xfer_cb
                0x1000408c       0x54 CMakeFiles/psramtest.dir/C_/Users/regue/.pico-sdk/sdk/2.2.0/src/rp2_common/pico_stdio_usb/reset_interface.c.obj
 .text.tud_descriptor_bos_cb
                0x100040e0        0x8 CMakeFiles/psramtest.dir/C_/Users/regue/.pico-sdk/sdk/2.2.0/src/rp2_common/pico_stdio_usb/reset_interface.c.obj
                0x100040e0                tud_descriptor_bos_cb
 .text.tud_vendor_control_xfer_cb
                0x100040e8       0x30 CMakeFiles/psramtest.dir/C_/Users/regue/.pico-sdk/sdk/2.2.0/src/rp2_common/pico_stdio_usb/reset_interface.c.obj
                0x100040e8                tud_vendor_control_xfer_cb
 .text.usbd_app_driver_get_cb
                0x10004118        0xc CMakeFiles/psramtest.dir/C_/Users/regue/.pico-sdk/sdk/2.2.0/src/rp2_common/pico_stdio_usb/reset_interface.c.obj
                0x10004118                usbd_app_driver_get_cb
 .text.tud_cdc_line_coding_cb
                0x10004124       0x18 CMakeFiles/psramtest.dir/C_/Users/regue/.pico-sdk/sdk/2.2.0/src/rp2_common/pico_stdio_usb/reset_interface.c.obj
                0x10004124                tud_cdc_line_coding_cb
 .text.stdio_usb_set_chars_available_callback
                0x1000413c       0x14 CMakeFiles/psramtest.dir/C_/Users/regue/.pico-sdk/sdk/2.2.0/src/rp2_common/pico_stdio_usb/stdio_usb.c.obj
                0x1000413c                stdio_usb_set_chars_available_callback
 .text.stdio_usb_out_flush
                0x10004150       0x48 CMakeFiles/psramtest.dir/C_/Users/regue/.pico-sdk/sdk/2.2.0/src/rp2_common/pico_stdio_usb/stdio_usb.c.obj
 .text.timer_task
                0x10004198       0x70 CMakeFiles/psramtest.dir/C_/Users/regue/.pico-sdk/sdk/2.2.0/src/rp2_common/pico_stdio_usb/stdio_usb.c.obj
 .text.usb_irq  0x10004208       0x10 CMakeFiles/psramtest.dir/C_/Users/regue/.pico-sdk/sdk/2.2.0/src/rp2_common/pico_stdio_usb/stdio_usb.c.obj
 .text.alarm_pool_add_alarm_in_us
                0x10004218       0x3a CMakeFiles/psramtest.dir/C_/Users/regue/.pico-sdk/sdk/2.2.0/src/rp2_common/pico_stdio_usb/stdio_usb.c.obj
 .text.add_alarm_in_us
                0x10004252       0x26 CMakeFiles/psramtest.dir/C_/Users/regue/.pico-sdk/sdk/2.2.0/src/rp2_common/pico_stdio_usb/stdio_usb.c.obj
 .text.low_priority_worker_irq
                0x10004278       0xa8 CMakeFiles/psramtest.dir/C_/Users/regue/.pico-sdk/sdk/2.2.0/src/rp2_common/pico_stdio_usb/stdio_usb.c.obj
 .text.stdio_usb_init
                0x10004320       0xd4 CMakeFiles/psramtest.dir/C_/Users/regue/.pico-sdk/sdk/2.2.0/src/rp2_common/pico_stdio_usb/stdio_usb.c.obj
                0x10004320                stdio_usb_init
 .text.stdio_usb_connected
                0x100043f4        0xa CMakeFiles/psramtest.dir/C_/Users/regue/.pico-sdk/sdk/2.2.0/src/rp2_common/pico_stdio_usb/stdio_usb.c.obj
                0x100043f4                stdio_usb_connected
 *fill*         0x100043fe        0x2 
 .text.stdio_usb_in_chars
                0x10004400       0x8c CMakeFiles/psramtest.dir/C_/Users/regue/.pico-sdk/sdk/2.2.0/src/rp2_common/pico_stdio_usb/stdio_usb.c.obj
                0x10004400                stdio_usb_in_chars
 .text.stdio_usb_out_chars
                0x1000448c       0xd4 CMakeFiles/psramtest.dir/C_/Users/regue/.pico-sdk/sdk/2.2.0/src/rp2_common/pico_stdio_usb/stdio_usb.c.obj
 .text.tud_descriptor_device_cb
                0x10004560        0x8 CMakeFiles/psramtest.dir/C_/Users/regue/.pico-sdk/sdk/2.2.0/src/rp2_common/pico_stdio_usb/stdio_usb_descriptors.c.obj
                0x10004560                tud_descriptor_device_cb
 .text.tud_descriptor_configuration_cb
                0x10004568        0x8 CMakeFiles/psramtest.dir/C_/Users/regue/.pico-sdk/sdk/2.2.0/src/rp2_common/pico_stdio_usb/stdio_usb_descriptors.c.obj
                0x10004568                tud_descriptor_configuration_cb
 .text.tud_descriptor_string_cb
                0x10004570       0x64 CMakeFiles/psramtest.dir/C_/Users/regue/.pico-sdk/sdk/2.2.0/src/rp2_common/pico_stdio_usb/stdio_usb_descriptors.c.obj
                0x10004570                tud_descriptor_string_cb
 .text._retrieve_unique_id_on_boot
                0x100045d4       0x58 CMakeFiles/psramtest.dir/C_/Users/regue/.pico-sdk/sdk/2.2.0/src/rp2_common/pico_unique_id/unique_id.c.obj
 .text.pico_get_unique_board_id_string
                0x1000462c       0x5c CMakeFiles/psramtest.dir/C_/Users/regue/.pico-sdk/sdk/2.2.0/src/rp2_common/pico_unique_id/unique_id.c.obj
                0x1000462c                pico_get_unique_board_id_string
 .text.hw_endpoint_init
                0x10004688       0xbc CMakeFiles/psramtest.dir/C_/Users/regue/.pico-sdk/sdk/2.2.0/lib/tinyusb/src/portable/raspberrypi/rp2040/dcd_rp2040.c.obj
 .text.hw_endpoint_alloc
                0x10004744       0x48 CMakeFiles/psramtest.dir/C_/Users/regue/.pico-sdk/sdk/2.2.0/lib/tinyusb/src/portable/raspberrypi/rp2040/dcd_rp2040.c.obj
 .text.hw_endpoint_open
                0x1000478c       0x44 CMakeFiles/psramtest.dir/C_/Users/regue/.pico-sdk/sdk/2.2.0/lib/tinyusb/src/portable/raspberrypi/rp2040/dcd_rp2040.c.obj
 .text.hw_endpoint_xfer
                0x100047d0       0x1c CMakeFiles/psramtest.dir/C_/Users/regue/.pico-sdk/sdk/2.2.0/lib/tinyusb/src/portable/raspberrypi/rp2040/dcd_rp2040.c.obj
 .text.dcd_int_enable
                0x100047ec       0x28 CMakeFiles/psramtest.dir/C_/Users/regue/.pico-sdk/sdk/2.2.0/lib/tinyusb/src/portable/raspberrypi/rp2040/dcd_rp2040.c.obj
                0x100047ec                dcd_int_enable
 .text.dcd_set_address
                0x10004814       0x2c CMakeFiles/psramtest.dir/C_/Users/regue/.pico-sdk/sdk/2.2.0/lib/tinyusb/src/portable/raspberrypi/rp2040/dcd_rp2040.c.obj
                0x10004814                dcd_set_address
 .text.dcd_connect
                0x10004840       0x10 CMakeFiles/psramtest.dir/C_/Users/regue/.pico-sdk/sdk/2.2.0/lib/tinyusb/src/portable/raspberrypi/rp2040/dcd_rp2040.c.obj
                0x10004840                dcd_connect
 .text.dcd_init
                0x10004850       0x84 CMakeFiles/psramtest.dir/C_/Users/regue/.pico-sdk/sdk/2.2.0/lib/tinyusb/src/portable/raspberrypi/rp2040/dcd_rp2040.c.obj
                0x10004850                dcd_init
 .text.dcd_sof_enable
                0x100048d4       0x1c CMakeFiles/psramtest.dir/C_/Users/regue/.pico-sdk/sdk/2.2.0/lib/tinyusb/src/portable/raspberrypi/rp2040/dcd_rp2040.c.obj
                0x100048d4                dcd_sof_enable
 .text.dcd_edpt0_status_complete
                0x100048f0       0x20 CMakeFiles/psramtest.dir/C_/Users/regue/.pico-sdk/sdk/2.2.0/lib/tinyusb/src/portable/raspberrypi/rp2040/dcd_rp2040.c.obj
                0x100048f0                dcd_edpt0_status_complete
 .text.dcd_edpt_open
                0x10004910       0x22 CMakeFiles/psramtest.dir/C_/Users/regue/.pico-sdk/sdk/2.2.0/lib/tinyusb/src/portable/raspberrypi/rp2040/dcd_rp2040.c.obj
                0x10004910                dcd_edpt_open
 .text.dcd_edpt_close_all
                0x10004932        0x8 CMakeFiles/psramtest.dir/C_/Users/regue/.pico-sdk/sdk/2.2.0/lib/tinyusb/src/portable/raspberrypi/rp2040/dcd_rp2040.c.obj
                0x10004932                dcd_edpt_close_all
 *fill*         0x1000493a        0x2 
 .text.dcd_edpt_xfer
                0x1000493c       0x2c CMakeFiles/psramtest.dir/C_/Users/regue/.pico-sdk/sdk/2.2.0/lib/tinyusb/src/portable/raspberrypi/rp2040/dcd_rp2040.c.obj
                0x1000493c                dcd_edpt_xfer
 .text.dcd_edpt_stall
                0x10004968       0x38 CMakeFiles/psramtest.dir/C_/Users/regue/.pico-sdk/sdk/2.2.0/lib/tinyusb/src/portable/raspberrypi/rp2040/dcd_rp2040.c.obj
                0x10004968                dcd_edpt_stall
 .text.dcd_edpt_clear_stall
                0x100049a0       0x28 CMakeFiles/psramtest.dir/C_/Users/regue/.pico-sdk/sdk/2.2.0/lib/tinyusb/src/portable/raspberrypi/rp2040/dcd_rp2040.c.obj
                0x100049a0                dcd_edpt_clear_stall
 .text.unaligned_memcpy
                0x100049c8       0x14 CMakeFiles/psramtest.dir/C_/Users/regue/.pico-sdk/sdk/2.2.0/lib/tinyusb/src/portable/raspberrypi/rp2040/rp2040_usb.c.obj
 .text.rp2040_usb_init
                0x100049dc       0x40 CMakeFiles/psramtest.dir/C_/Users/regue/.pico-sdk/sdk/2.2.0/lib/tinyusb/src/portable/raspberrypi/rp2040/rp2040_usb.c.obj
                0x100049dc                rp2040_usb_init
 .text.hw_endpoint_xfer_start
                0x10004a1c       0x58 CMakeFiles/psramtest.dir/C_/Users/regue/.pico-sdk/sdk/2.2.0/lib/tinyusb/src/portable/raspberrypi/rp2040/rp2040_usb.c.obj
                0x10004a1c                hw_endpoint_xfer_start
 .text.configuration_reset
                0x10004a74       0x90 CMakeFiles/psramtest.dir/C_/Users/regue/.pico-sdk/sdk/2.2.0/lib/tinyusb/src/device/usbd.c.obj
 .text.usbd_reset
                0x10004b04        0xc CMakeFiles/psramtest.dir/C_/Users/regue/.pico-sdk/sdk/2.2.0/lib/tinyusb/src/device/usbd.c.obj
 .text.invoke_class_control
                0x10004b10       0x1a CMakeFiles/psramtest.dir/C_/Users/regue/.pico-sdk/sdk/2.2.0/lib/tinyusb/src/device/usbd.c.obj
 *fill*         0x10004b2a        0x2 
 .text.process_set_config
                0x10004b2c      0x1cc CMakeFiles/psramtest.dir/C_/Users/regue/.pico-sdk/sdk/2.2.0/lib/tinyusb/src/device/usbd.c.obj
 .text.tud_event_hook_cb
                0x10004cf8        0x2 CMakeFiles/psramtest.dir/C_/Users/regue/.pico-sdk/sdk/2.2.0/lib/tinyusb/src/device/usbd.c.obj
                0x10004cf8                tud_event_hook_cb
 .text.tud_sof_cb
                0x10004cfa        0x2 CMakeFiles/psramtest.dir/C_/Users/regue/.pico-sdk/sdk/2.2.0/lib/tinyusb/src/device/usbd.c.obj
                0x10004cfa                tud_sof_cb
 .text.tud_descriptor_device_qualifier_cb
                0x10004cfc        0x4 CMakeFiles/psramtest.dir/C_/Users/regue/.pico-sdk/sdk/2.2.0/lib/tinyusb/src/device/usbd.c.obj
                0x10004cfc                tud_descriptor_device_qualifier_cb
 .text.tud_descriptor_other_speed_configuration_cb
                0x10004d00        0x4 CMakeFiles/psramtest.dir/C_/Users/regue/.pico-sdk/sdk/2.2.0/lib/tinyusb/src/device/usbd.c.obj
                0x10004d00                tud_descriptor_other_speed_configuration_cb
 .text.process_get_descriptor
                0x10004d04       0xf8 CMakeFiles/psramtest.dir/C_/Users/regue/.pico-sdk/sdk/2.2.0/lib/tinyusb/src/device/usbd.c.obj
 .text.tud_mount_cb
                0x10004dfc        0x2 CMakeFiles/psramtest.dir/C_/Users/regue/.pico-sdk/sdk/2.2.0/lib/tinyusb/src/device/usbd.c.obj
                0x10004dfc                tud_mount_cb
 .text.tud_umount_cb
                0x10004dfe        0x2 CMakeFiles/psramtest.dir/C_/Users/regue/.pico-sdk/sdk/2.2.0/lib/tinyusb/src/device/usbd.c.obj
                0x10004dfe                tud_umount_cb
 .text.tud_suspend_cb
                0x10004e00        0x2 CMakeFiles/psramtest.dir/C_/Users/regue/.pico-sdk/sdk/2.2.0/lib/tinyusb/src/device/usbd.c.obj
                0x10004e00                tud_suspend_cb
 .text.tud_resume_cb
                0x10004e02        0x2 CMakeFiles/psramtest.dir/C_/Users/regue/.pico-sdk/sdk/2.2.0/lib/tinyusb/src/device/usbd.c.obj
                0x10004e02                tud_resume_cb
 .text.tud_mounted
                0x10004e04       0x14 CMakeFiles/psramtest.dir/C_/Users/regue/.pico-sdk/sdk/2.2.0/lib/tinyusb/src/device/usbd.c.obj
                0x10004e04                tud_mounted
 .text.tud_suspended
                0x10004e18       0x10 CMakeFiles/psramtest.dir/C_/Users/regue/.pico-sdk/sdk/2.2.0/lib/tinyusb/src/device/usbd.c.obj
                0x10004e18                tud_suspended
 .text.tud_inited
                0x10004e28       0x10 CMakeFiles/psramtest.dir/C_/Users/regue/.pico-sdk/sdk/2.2.0/lib/tinyusb/src/device/usbd.c.obj
                0x10004e28                tud_inited
 .text.tud_rhport_init
                0x10004e38      0x128 CMakeFiles/psramtest.dir/C_/Users/regue/.pico-sdk/sdk/2.2.0/lib/tinyusb/src/device/usbd.c.obj
                0x10004e38                tud_rhport_init
 .text.usbd_edpt_open
                0x10004f60       0x7c CMakeFiles/psramtest.dir/C_/Users/regue/.pico-sdk/sdk/2.2.0/lib/tinyusb/src/device/usbd.c.obj
                0x10004f60                usbd_edpt_open
 .text.usbd_open_edpt_pair
                0x10004fdc       0xa4 CMakeFiles/psramtest.dir/C_/Users/regue/.pico-sdk/sdk/2.2.0/lib/tinyusb/src/device/usbd.c.obj
                0x10004fdc                usbd_open_edpt_pair
 .text.usbd_edpt_claim
                0x10005080       0x28 CMakeFiles/psramtest.dir/C_/Users/regue/.pico-sdk/sdk/2.2.0/lib/tinyusb/src/device/usbd.c.obj
                0x10005080                usbd_edpt_claim
 .text.usbd_edpt_release
                0x100050a8       0x28 CMakeFiles/psramtest.dir/C_/Users/regue/.pico-sdk/sdk/2.2.0/lib/tinyusb/src/device/usbd.c.obj
                0x100050a8                usbd_edpt_release
 .text.usbd_edpt_xfer
                0x100050d0       0x90 CMakeFiles/psramtest.dir/C_/Users/regue/.pico-sdk/sdk/2.2.0/lib/tinyusb/src/device/usbd.c.obj
                0x100050d0                usbd_edpt_xfer
 .text.usbd_edpt_stall
                0x10005160       0x3c CMakeFiles/psramtest.dir/C_/Users/regue/.pico-sdk/sdk/2.2.0/lib/tinyusb/src/device/usbd.c.obj
                0x10005160                usbd_edpt_stall
 .text.usbd_edpt_clear_stall
                0x1000519c       0x3c CMakeFiles/psramtest.dir/C_/Users/regue/.pico-sdk/sdk/2.2.0/lib/tinyusb/src/device/usbd.c.obj
                0x1000519c                usbd_edpt_clear_stall
 .text.usbd_edpt_stalled
                0x100051d8       0x1c CMakeFiles/psramtest.dir/C_/Users/regue/.pico-sdk/sdk/2.2.0/lib/tinyusb/src/device/usbd.c.obj
                0x100051d8                usbd_edpt_stalled
 .text.process_control_request
                0x100051f4      0x404 CMakeFiles/psramtest.dir/C_/Users/regue/.pico-sdk/sdk/2.2.0/lib/tinyusb/src/device/usbd.c.obj
 .text.tud_task_ext
                0x100055f8      0x250 CMakeFiles/psramtest.dir/C_/Users/regue/.pico-sdk/sdk/2.2.0/lib/tinyusb/src/device/usbd.c.obj
                0x100055f8                tud_task_ext
 .text.status_stage_xact
                0x10005848       0x1a CMakeFiles/psramtest.dir/C_/Users/regue/.pico-sdk/sdk/2.2.0/lib/tinyusb/src/device/usbd_control.c.obj
 *fill*         0x10005862        0x2 
 .text.data_stage_xact
                0x10005864       0x5c CMakeFiles/psramtest.dir/C_/Users/regue/.pico-sdk/sdk/2.2.0/lib/tinyusb/src/device/usbd_control.c.obj
 .text.tud_control_status
                0x100058c0       0x28 CMakeFiles/psramtest.dir/C_/Users/regue/.pico-sdk/sdk/2.2.0/lib/tinyusb/src/device/usbd_control.c.obj
                0x100058c0                tud_control_status
 .text.tud_control_xfer
                0x100058e8       0xac CMakeFiles/psramtest.dir/C_/Users/regue/.pico-sdk/sdk/2.2.0/lib/tinyusb/src/device/usbd_control.c.obj
                0x100058e8                tud_control_xfer
 .text.usbd_control_reset
                0x10005994       0x14 CMakeFiles/psramtest.dir/C_/Users/regue/.pico-sdk/sdk/2.2.0/lib/tinyusb/src/device/usbd_control.c.obj
                0x10005994                usbd_control_reset
 .text.usbd_control_set_complete_callback
                0x100059a8        0xc CMakeFiles/psramtest.dir/C_/Users/regue/.pico-sdk/sdk/2.2.0/lib/tinyusb/src/device/usbd_control.c.obj
                0x100059a8                usbd_control_set_complete_callback
 .text.usbd_control_set_request
                0x100059b4       0x1c CMakeFiles/psramtest.dir/C_/Users/regue/.pico-sdk/sdk/2.2.0/lib/tinyusb/src/device/usbd_control.c.obj
                0x100059b4                usbd_control_set_request
 .text.usbd_control_xfer_cb
                0x100059d0      0x10c CMakeFiles/psramtest.dir/C_/Users/regue/.pico-sdk/sdk/2.2.0/lib/tinyusb/src/device/usbd_control.c.obj
                0x100059d0                usbd_control_xfer_cb
 .text._prep_out_transaction
                0x10005adc       0x94 CMakeFiles/psramtest.dir/C_/Users/regue/.pico-sdk/sdk/2.2.0/lib/tinyusb/src/class/cdc/cdc_device.c.obj
 .text.tud_cdc_n_connected
                0x10005b70       0x34 CMakeFiles/psramtest.dir/C_/Users/regue/.pico-sdk/sdk/2.2.0/lib/tinyusb/src/class/cdc/cdc_device.c.obj
                0x10005b70                tud_cdc_n_connected
 .text.tud_cdc_n_available
                0x10005ba4       0x18 CMakeFiles/psramtest.dir/C_/Users/regue/.pico-sdk/sdk/2.2.0/lib/tinyusb/src/class/cdc/cdc_device.c.obj
                0x10005ba4                tud_cdc_n_available
 .text.tud_cdc_n_read
                0x10005bbc       0x34 CMakeFiles/psramtest.dir/C_/Users/regue/.pico-sdk/sdk/2.2.0/lib/tinyusb/src/class/cdc/cdc_device.c.obj
                0x10005bbc                tud_cdc_n_read
 .text.tud_cdc_n_write_flush
                0x10005bf0       0xb8 CMakeFiles/psramtest.dir/C_/Users/regue/.pico-sdk/sdk/2.2.0/lib/tinyusb/src/class/cdc/cdc_device.c.obj
                0x10005bf0                tud_cdc_n_write_flush
 .text.tud_cdc_n_write
                0x10005ca8       0x44 CMakeFiles/psramtest.dir/C_/Users/regue/.pico-sdk/sdk/2.2.0/lib/tinyusb/src/class/cdc/cdc_device.c.obj
                0x10005ca8                tud_cdc_n_write
 .text.tud_cdc_n_write_available
                0x10005cec       0x1c CMakeFiles/psramtest.dir/C_/Users/regue/.pico-sdk/sdk/2.2.0/lib/tinyusb/src/class/cdc/cdc_device.c.obj
                0x10005cec                tud_cdc_n_write_available
 .text.cdcd_init
                0x10005d08       0xa4 CMakeFiles/psramtest.dir/C_/Users/regue/.pico-sdk/sdk/2.2.0/lib/tinyusb/src/class/cdc/cdc_device.c.obj
                0x10005d08                cdcd_init
 .text.cdcd_deinit
                0x10005dac       0x40 CMakeFiles/psramtest.dir/C_/Users/regue/.pico-sdk/sdk/2.2.0/lib/tinyusb/src/class/cdc/cdc_device.c.obj
                0x10005dac                cdcd_deinit
 .text.cdcd_reset
                0x10005dec       0x78 CMakeFiles/psramtest.dir/C_/Users/regue/.pico-sdk/sdk/2.2.0/lib/tinyusb/src/class/cdc/cdc_device.c.obj
                0x10005dec                cdcd_reset
 .text.cdcd_open
                0x10005e64      0x124 CMakeFiles/psramtest.dir/C_/Users/regue/.pico-sdk/sdk/2.2.0/lib/tinyusb/src/class/cdc/cdc_device.c.obj
                0x10005e64                cdcd_open
 .text.cdcd_control_xfer_cb
                0x10005f88      0x120 CMakeFiles/psramtest.dir/C_/Users/regue/.pico-sdk/sdk/2.2.0/lib/tinyusb/src/class/cdc/cdc_device.c.obj
                0x10005f88                cdcd_control_xfer_cb
 .text.cdcd_xfer_cb
                0x100060a8      0x138 CMakeFiles/psramtest.dir/C_/Users/regue/.pico-sdk/sdk/2.2.0/lib/tinyusb/src/class/cdc/cdc_device.c.obj
                0x100060a8                cdcd_xfer_cb
 .text.tud_vendor_n_mounted
                0x100061e0       0x30 CMakeFiles/psramtest.dir/C_/Users/regue/.pico-sdk/sdk/2.2.0/lib/tinyusb/src/class/vendor/vendor_device.c.obj
                0x100061e0                tud_vendor_n_mounted
 .text.tud_vendor_n_write_flush
                0x10006210       0x20 CMakeFiles/psramtest.dir/C_/Users/regue/.pico-sdk/sdk/2.2.0/lib/tinyusb/src/class/vendor/vendor_device.c.obj
                0x10006210                tud_vendor_n_write_flush
 .text.vendord_init
                0x10006230       0x90 CMakeFiles/psramtest.dir/C_/Users/regue/.pico-sdk/sdk/2.2.0/lib/tinyusb/src/class/vendor/vendor_device.c.obj
                0x10006230                vendord_init
 .text.vendord_deinit
                0x100062c0       0x30 CMakeFiles/psramtest.dir/C_/Users/regue/.pico-sdk/sdk/2.2.0/lib/tinyusb/src/class/vendor/vendor_device.c.obj
                0x100062c0                vendord_deinit
 .text.vendord_reset
                0x100062f0       0x48 CMakeFiles/psramtest.dir/C_/Users/regue/.pico-sdk/sdk/2.2.0/lib/tinyusb/src/class/vendor/vendor_device.c.obj
                0x100062f0                vendord_reset
 .text.vendord_open
                0x10006338      0x144 CMakeFiles/psramtest.dir/C_/Users/regue/.pico-sdk/sdk/2.2.0/lib/tinyusb/src/class/vendor/vendor_device.c.obj
                0x10006338                vendord_open
 .text.vendord_xfer_cb
                0x1000647c       0xb8 CMakeFiles/psramtest.dir/C_/Users/regue/.pico-sdk/sdk/2.2.0/lib/tinyusb/src/class/vendor/vendor_device.c.obj
                0x1000647c                vendord_xfer_cb
 .text.tusb_rhport_init
                0x10006534       0xac CMakeFiles/psramtest.dir/C_/Users/regue/.pico-sdk/sdk/2.2.0/lib/tinyusb/src/tusb.c.obj
                0x10006534                tusb_rhport_init
 .text.tu_edpt_claim
                0x100065e0       0x50 CMakeFiles/psramtest.dir/C_/Users/regue/.pico-sdk/sdk/2.2.0/lib/tinyusb/src/tusb.c.obj
                0x100065e0                tu_edpt_claim
 .text.tu_edpt_release
                0x10006630       0x3c CMakeFiles/psramtest.dir/C_/Users/regue/.pico-sdk/sdk/2.2.0/lib/tinyusb/src/tusb.c.obj
                0x10006630                tu_edpt_release
 .text.tu_edpt_validate
                0x1000666c       0xe0 CMakeFiles/psramtest.dir/C_/Users/regue/.pico-sdk/sdk/2.2.0/lib/tinyusb/src/tusb.c.obj
                0x1000666c                tu_edpt_validate
 .text.tu_edpt_bind_driver
                0x1000674c       0x4a CMakeFiles/psramtest.dir/C_/Users/regue/.pico-sdk/sdk/2.2.0/lib/tinyusb/src/tusb.c.obj
                0x1000674c                tu_edpt_bind_driver
 .text.tu_edpt_stream_init
                0x10006796       0x54 CMakeFiles/psramtest.dir/C_/Users/regue/.pico-sdk/sdk/2.2.0/lib/tinyusb/src/tusb.c.obj
                0x10006796                tu_edpt_stream_init
 .text.tu_edpt_stream_deinit
                0x100067ea        0x4 CMakeFiles/psramtest.dir/C_/Users/regue/.pico-sdk/sdk/2.2.0/lib/tinyusb/src/tusb.c.obj
                0x100067ea                tu_edpt_stream_deinit
 *fill*         0x100067ee        0x2 
 .text.tu_edpt_stream_write_zlp_if_needed
                0x100067f0       0x90 CMakeFiles/psramtest.dir/C_/Users/regue/.pico-sdk/sdk/2.2.0/lib/tinyusb/src/tusb.c.obj
                0x100067f0                tu_edpt_stream_write_zlp_if_needed
 .text.tu_edpt_stream_write_xfer
                0x10006880       0x98 CMakeFiles/psramtest.dir/C_/Users/regue/.pico-sdk/sdk/2.2.0/lib/tinyusb/src/tusb.c.obj
                0x10006880                tu_edpt_stream_write_xfer
 .text.tu_edpt_stream_read_xfer
                0x10006918      0x118 CMakeFiles/psramtest.dir/C_/Users/regue/.pico-sdk/sdk/2.2.0/lib/tinyusb/src/tusb.c.obj
                0x10006918                tu_edpt_stream_read_xfer
 .text.advance_index
                0x10006a30       0x1a CMakeFiles/psramtest.dir/C_/Users/regue/.pico-sdk/sdk/2.2.0/lib/tinyusb/src/common/tusb_fifo.c.obj
 .text._tu_fifo_peek
                0x10006a4a       0x62 CMakeFiles/psramtest.dir/C_/Users/regue/.pico-sdk/sdk/2.2.0/lib/tinyusb/src/common/tusb_fifo.c.obj
 .text._ff_pull_n
                0x10006aac       0x68 CMakeFiles/psramtest.dir/C_/Users/regue/.pico-sdk/sdk/2.2.0/lib/tinyusb/src/common/tusb_fifo.c.obj
 .text._tu_fifo_peek_n
                0x10006b14       0x6a CMakeFiles/psramtest.dir/C_/Users/regue/.pico-sdk/sdk/2.2.0/lib/tinyusb/src/common/tusb_fifo.c.obj
 .text._tu_fifo_read_n
                0x10006b7e       0x4c CMakeFiles/psramtest.dir/C_/Users/regue/.pico-sdk/sdk/2.2.0/lib/tinyusb/src/common/tusb_fifo.c.obj
 .text._ff_push_n
                0x10006bca       0x66 CMakeFiles/psramtest.dir/C_/Users/regue/.pico-sdk/sdk/2.2.0/lib/tinyusb/src/common/tusb_fifo.c.obj
 .text._tu_fifo_write_n
                0x10006c30       0xf0 CMakeFiles/psramtest.dir/C_/Users/regue/.pico-sdk/sdk/2.2.0/lib/tinyusb/src/common/tusb_fifo.c.obj
 .text.tu_fifo_config
                0x10006d20       0x62 CMakeFiles/psramtest.dir/C_/Users/regue/.pico-sdk/sdk/2.2.0/lib/tinyusb/src/common/tusb_fifo.c.obj
                0x10006d20                tu_fifo_config
 .text.tu_fifo_count
                0x10006d82       0x28 CMakeFiles/psramtest.dir/C_/Users/regue/.pico-sdk/sdk/2.2.0/lib/tinyusb/src/common/tusb_fifo.c.obj
                0x10006d82                tu_fifo_count
 .text.tu_fifo_empty
                0x10006daa       0x12 CMakeFiles/psramtest.dir/C_/Users/regue/.pico-sdk/sdk/2.2.0/lib/tinyusb/src/common/tusb_fifo.c.obj
                0x10006daa                tu_fifo_empty
 .text.tu_fifo_full
                0x10006dbc       0x28 CMakeFiles/psramtest.dir/C_/Users/regue/.pico-sdk/sdk/2.2.0/lib/tinyusb/src/common/tusb_fifo.c.obj
                0x10006dbc                tu_fifo_full
 .text.tu_fifo_remaining
                0x10006de4       0x2c CMakeFiles/psramtest.dir/C_/Users/regue/.pico-sdk/sdk/2.2.0/lib/tinyusb/src/common/tusb_fifo.c.obj
                0x10006de4                tu_fifo_remaining
 .text.tu_fifo_read
                0x10006e10       0x3e CMakeFiles/psramtest.dir/C_/Users/regue/.pico-sdk/sdk/2.2.0/lib/tinyusb/src/common/tusb_fifo.c.obj
                0x10006e10                tu_fifo_read
 .text.tu_fifo_read_n
                0x10006e4e        0xa CMakeFiles/psramtest.dir/C_/Users/regue/.pico-sdk/sdk/2.2.0/lib/tinyusb/src/common/tusb_fifo.c.obj
                0x10006e4e                tu_fifo_read_n
 .text.tu_fifo_write
                0x10006e58       0x5e CMakeFiles/psramtest.dir/C_/Users/regue/.pico-sdk/sdk/2.2.0/lib/tinyusb/src/common/tusb_fifo.c.obj
                0x10006e58                tu_fifo_write
 .text.tu_fifo_write_n
                0x10006eb6        0xa CMakeFiles/psramtest.dir/C_/Users/regue/.pico-sdk/sdk/2.2.0/lib/tinyusb/src/common/tusb_fifo.c.obj
                0x10006eb6                tu_fifo_write_n
 .text.tu_fifo_clear
                0x10006ec0       0x36 CMakeFiles/psramtest.dir/C_/Users/regue/.pico-sdk/sdk/2.2.0/lib/tinyusb/src/common/tusb_fifo.c.obj
                0x10006ec0                tu_fifo_clear
 .text.tu_fifo_set_overwritable
                0x10006ef6       0x3a CMakeFiles/psramtest.dir/C_/Users/regue/.pico-sdk/sdk/2.2.0/lib/tinyusb/src/common/tusb_fifo.c.obj
                0x10006ef6                tu_fifo_set_overwritable
 .text.malloc   0x10006f30       0x10 C:/Users/regue/.pico-sdk/toolchain/14_2_Rel1/bin/../lib/gcc/arm-none-eabi/14.2.1/thumb/v8-m.main+fp/softfp\libg.a(libc_a-malloc.o)
                0x10006f30                malloc
 .text.free     0x10006f40       0x10 C:/Users/regue/.pico-sdk/toolchain/14_2_Rel1/bin/../lib/gcc/arm-none-eabi/14.2.1/thumb/v8-m.main+fp/softfp\libg.a(libc_a-malloc.o)
                0x10006f40                free
 .text._malloc_r
                0x10006f50      0x578 C:/Users/regue/.pico-sdk/toolchain/14_2_Rel1/bin/../lib/gcc/arm-none-eabi/14.2.1/thumb/v8-m.main+fp/softfp\libg.a(libc_a-mallocr.o)
                0x10006f50                _malloc_r
 .text.__malloc_lock
                0x100074c8        0xc C:/Users/regue/.pico-sdk/toolchain/14_2_Rel1/bin/../lib/gcc/arm-none-eabi/14.2.1/thumb/v8-m.main+fp/softfp\libg.a(libc_a-mlock.o)
                0x100074c8                __malloc_lock
 .text.__malloc_unlock
                0x100074d4        0xc C:/Users/regue/.pico-sdk/toolchain/14_2_Rel1/bin/../lib/gcc/arm-none-eabi/14.2.1/thumb/v8-m.main+fp/softfp\libg.a(libc_a-mlock.o)
                0x100074d4                __malloc_unlock
 .text.rand     0x100074e0       0x40 C:/Users/regue/.pico-sdk/toolchain/14_2_Rel1/bin/../lib/gcc/arm-none-eabi/14.2.1/thumb/v8-m.main+fp/softfp\libg.a(libc_a-rand.o)
                0x100074e0                rand
 .text.memset   0x10007520       0x9c C:/Users/regue/.pico-sdk/toolchain/14_2_Rel1/bin/../lib/gcc/arm-none-eabi/14.2.1/thumb/v8-m.main+fp/softfp\libg.a(libc_a-memset.o)
                0x10007520                memset
 .text._sbrk_r  0x100075bc       0x24 C:/Users/regue/.pico-sdk/toolchain/14_2_Rel1/bin/../lib/gcc/arm-none-eabi/14.2.1/thumb/v8-m.main+fp/softfp\libg.a(libc_a-sbrkr.o)
                0x100075bc                _sbrk_r
 .text.__errno  0x100075e0        0xc C:/Users/regue/.pico-sdk/toolchain/14_2_Rel1/bin/../lib/gcc/arm-none-eabi/14.2.1/thumb/v8-m.main+fp/softfp\libg.a(libc_a-errno.o)
                0x100075e0                __errno
 .text.__retarget_lock_acquire_recursive
                0x100075ec        0x4 C:/Users/regue/.pico-sdk/toolchain/14_2_Rel1/bin/../lib/gcc/arm-none-eabi/14.2.1/thumb/v8-m.main+fp/softfp\libg.a(libc_a-lock.o)
                0x100075ec                __retarget_lock_acquire_recursive
 .text.__retarget_lock_release_recursive
                0x100075f0        0x4 C:/Users/regue/.pico-sdk/toolchain/14_2_Rel1/bin/../lib/gcc/arm-none-eabi/14.2.1/thumb/v8-m.main+fp/softfp\libg.a(libc_a-lock.o)
                0x100075f0                __retarget_lock_release_recursive
 .text.sysconf  0x100075f4       0x1c C:/Users/regue/.pico-sdk/toolchain/14_2_Rel1/bin/../lib/gcc/arm-none-eabi/14.2.1/thumb/v8-m.main+fp/softfp\libg.a(libc_a-sysconf.o)
                0x100075f4                sysconf
 .text          0x10007610       0xec C:/Users/regue/.pico-sdk/toolchain/14_2_Rel1/bin/../lib/gcc/arm-none-eabi/14.2.1/thumb/v8-m.main+fp/softfp\libg.a(libc_a-memcpy.o)
                0x10007610                memcpy
 .text.strlen   0x100076fc       0x5c C:/Users/regue/.pico-sdk/toolchain/14_2_Rel1/bin/../lib/gcc/arm-none-eabi/14.2.1/thumb/v8-m.main+fp/softfp\libg.a(libc_a-strlen-stub.o)
                0x100076fc                strlen
 .text._malloc_trim_r
                0x10007758       0xb8 C:/Users/regue/.pico-sdk/toolchain/14_2_Rel1/bin/../lib/gcc/arm-none-eabi/14.2.1/thumb/v8-m.main+fp/softfp\libg.a(libc_a-freer.o)
                0x10007758                _malloc_trim_r
 .text._free_r  0x10007810      0x1e8 C:/Users/regue/.pico-sdk/toolchain/14_2_Rel1/bin/../lib/gcc/arm-none-eabi/14.2.1/thumb/v8-m.main+fp/softfp\libg.a(libc_a-freer.o)
                0x10007810                _free_r
 *(.fini)
 .fini          0x100079f8        0x4 C:/Users/regue/.pico-sdk/toolchain/14_2_Rel1/bin/../lib/gcc/arm-none-eabi/14.2.1/thumb/v8-m.main+fp/softfp/crti.o
                0x100079f8                _fini
 *fill*         0x100079fc        0x4 
 .fini.__stub   0x10007a00       0x68 linker stubs
 *crtbegin.o(.ctors)
 *crtbegin?.o(.ctors)
 *(EXCLUDE_FILE(*crtend.o *crtend?.o) .ctors)
 *(SORT_BY_NAME(.ctors.*))
 *(.ctors)
 *crtbegin.o(.dtors)
 *crtbegin?.o(.dtors)
 *(EXCLUDE_FILE(*crtend.o *crtend?.o) .dtors)
 *(SORT_BY_NAME(.dtors.*))
 *(.dtors)
                0x10007a68                        . = ALIGN (0x4)
                0x10007a68                        PROVIDE (__preinit_array_start = .)
 *(SORT_BY_NAME(.preinit_array.*))
 .preinit_array.00050
                0x10007a68        0x4 CMakeFiles/psramtest.dir/C_/Users/regue/.pico-sdk/sdk/2.2.0/src/rp2_common/pico_runtime_init/runtime_init.c.obj
                0x10007a68                __pre_init_runtime_init_bootrom_reset
 .preinit_array.00100
                0x10007a6c        0x4 CMakeFiles/psramtest.dir/C_/Users/regue/.pico-sdk/sdk/2.2.0/src/rp2_common/pico_runtime_init/runtime_init.c.obj
                0x10007a6c                __pre_init_runtime_init_early_resets
 .preinit_array.00101
                0x10007a70        0x4 CMakeFiles/psramtest.dir/C_/Users/regue/.pico-sdk/sdk/2.2.0/src/rp2_common/pico_runtime_init/runtime_init.c.obj
                0x10007a70                __pre_init_runtime_init_usb_power_down
 .preinit_array.00500
                0x10007a74        0x4 CMakeFiles/psramtest.dir/C_/Users/regue/.pico-sdk/sdk/2.2.0/src/rp2_common/pico_runtime_init/runtime_init.c.obj
                0x10007a74                __pre_init_runtime_init_clocks
 .preinit_array.00600
                0x10007a78        0x4 CMakeFiles/psramtest.dir/C_/Users/regue/.pico-sdk/sdk/2.2.0/src/rp2_common/pico_runtime_init/runtime_init.c.obj
                0x10007a78                __pre_init_runtime_init_post_clock_resets
 .preinit_array.01000
                0x10007a7c        0x4 CMakeFiles/psramtest.dir/C_/Users/regue/.pico-sdk/sdk/2.2.0/src/rp2_common/hardware_boot_lock/boot_lock.c.obj
                0x10007a7c                __pre_init_runtime_init_boot_locks_reset
 .preinit_array.01000
                0x10007a80        0x4 CMakeFiles/psramtest.dir/C_/Users/regue/.pico-sdk/sdk/2.2.0/src/rp2_common/pico_runtime_init/runtime_init.c.obj
                0x10007a80                __pre_init_runtime_init_spin_locks_reset
 .preinit_array.01010
                0x10007a84        0x4 CMakeFiles/psramtest.dir/C_/Users/regue/.pico-sdk/sdk/2.2.0/src/rp2_common/pico_bootrom/bootrom_lock.c.obj
                0x10007a84                __pre_init_runtime_init_bootrom_locking_enable
 .preinit_array.01100
                0x10007a88        0x4 CMakeFiles/psramtest.dir/C_/Users/regue/.pico-sdk/sdk/2.2.0/src/common/pico_sync/mutex.c.obj
                0x10007a88                __pre_init_runtime_init_mutex
 .preinit_array.10080
                0x10007a8c        0x4 CMakeFiles/psramtest.dir/C_/Users/regue/.pico-sdk/sdk/2.2.0/src/rp2_common/pico_runtime_init/runtime_init.c.obj
                0x10007a8c                __pre_init_runtime_init_install_ram_vector_table
 .preinit_array.11000
                0x10007a90        0x4 CMakeFiles/psramtest.dir/C_/Users/regue/.pico-sdk/sdk/2.2.0/src/common/pico_time/time.c.obj
                0x10007a90                __pre_init_runtime_init_default_alarm_pool
 .preinit_array.YYYYY
                0x10007a94        0x4 CMakeFiles/psramtest.dir/C_/Users/regue/.pico-sdk/sdk/2.2.0/src/rp2_common/pico_runtime/runtime.c.obj
                0x10007a94                __pre_init_first_per_core_initializer
 .preinit_array.ZZZZZ.00051
                0x10007a98        0x4 CMakeFiles/psramtest.dir/C_/Users/regue/.pico-sdk/sdk/2.2.0/src/rp2_common/pico_runtime_init/runtime_init.c.obj
                0x10007a98                __pre_init_runtime_init_per_core_bootrom_reset
 .preinit_array.ZZZZZ.00200
                0x10007a9c        0x4 CMakeFiles/psramtest.dir/C_/Users/regue/.pico-sdk/sdk/2.2.0/src/rp2_common/pico_runtime_init/runtime_init.c.obj
                0x10007a9c                __pre_init_runtime_init_per_core_enable_coprocessors
 .preinit_array.ZZZZZ.01000
                0x10007aa0        0x4 CMakeFiles/psramtest.dir/C_/Users/regue/.pico-sdk/sdk/2.2.0/src/rp2_common/hardware_sync_spin_lock/sync_spin_lock.c.obj
                0x10007aa0                __pre_init_spinlock_set_extexclall
 .preinit_array.ZZZZZ.01200
                0x10007aa4        0x4 CMakeFiles/psramtest.dir/C_/Users/regue/.pico-sdk/sdk/2.2.0/src/rp2_common/hardware_irq/irq.c.obj
                0x10007aa4                __pre_init_runtime_init_per_core_irq_priorities
 *(.preinit_array)
                0x10007aa8                        PROVIDE (__preinit_array_end = .)
                0x10007aa8                        . = ALIGN (0x4)
                0x10007aa8                        PROVIDE (__init_array_start = .)
 *(SORT_BY_NAME(.init_array.*))
 .init_array.01000
                0x10007aa8        0x4 CMakeFiles/psramtest.dir/C_/Users/regue/.pico-sdk/sdk/2.2.0/src/rp2_common/pico_unique_id/unique_id.c.obj
 *(.init_array)
 .init_array    0x10007aac        0x4 C:/Users/regue/.pico-sdk/toolchain/14_2_Rel1/bin/../lib/gcc/arm-none-eabi/14.2.1/thumb/v8-m.main+fp/softfp/crtbegin.o
                0x10007ab0                        PROVIDE (__init_array_end = .)
                0x10007ab0                        . = ALIGN (0x4)
                [!provide]                        PROVIDE (__fini_array_start = .)
 *(SORT_BY_NAME(.fini_array.*))
 *(.fini_array)
                [!provide]                        PROVIDE (__fini_array_end = .)
 *(.eh_frame*)
 .eh_frame      0x10007ab0        0x0 C:/Users/regue/.pico-sdk/toolchain/14_2_Rel1/bin/../lib/gcc/arm-none-eabi/14.2.1/thumb/v8-m.main+fp/softfp/crtbegin.o
                0x10007ab0                        . = ALIGN (0x4)

.glue_7         0x10007ab0        0x0
 .glue_7        0x10007ab0        0x0 linker stubs

.glue_7t        0x10007ab0        0x0
 .glue_7t       0x10007ab0        0x0 linker stubs

.vfp11_veneer   0x10007ab0        0x0
 .vfp11_veneer  0x10007ab0        0x0 linker stubs

.v4_bx          0x10007ab0        0x0
 .v4_bx         0x10007ab0        0x0 linker stubs

.iplt           0x10007ab0        0x0
 .iplt          0x10007ab0        0x0 C:/Users/regue/.pico-sdk/toolchain/14_2_Rel1/bin/../lib/gcc/arm-none-eabi/14.2.1/thumb/v8-m.main+fp/softfp/crtbegin.o

.boot2          0x10007ab0        0x0
                0x10007ab0                        __boot2_start__ = .
 *(.boot2)
                0x10007ab0                        __boot2_end__ = .
                0x00000001                        ASSERT (((__boot2_end__ - __boot2_start__) <= 0x100), ERROR: Pico second stage bootloader must be no more than 256 bytes in size)

.rodata         0x10007ab0     0x1884
 *(EXCLUDE_FILE(*libm.a: *libc.a:*lib_a-mem*.o *libgcc.a:) .rodata*)
 .rodata.check_data_block.str1.4
                0x10007ab0     0x11f7 CMakeFiles/psramtest.dir/psramtest.c.obj
                                 0x16 (size before relaxing)
 .rodata.memory_stats.str1.4
                0x10008ca7       0x5e CMakeFiles/psramtest.dir/psramtest.c.obj
 .rodata.main.str1.4
                0x10008ca7      0x274 CMakeFiles/psramtest.dir/psramtest.c.obj
 .rodata.control_construct.str1.4
                0x10008ca7       0xc6 CMakeFiles/psramtest.dir/tlsf.c.obj
 .rodata.default_walker.str1.4
                0x10008ca7       0x26 CMakeFiles/psramtest.dir/tlsf.c.obj
 .rodata.tlsf_check.str1.4
                0x10008ca7       0x48 CMakeFiles/psramtest.dir/tlsf.c.obj
 .rodata.tlsf_add_pool.str1.4
                0x10008ca7      0x142 CMakeFiles/psramtest.dir/tlsf.c.obj
 .rodata.tlsf_remove_pool.str1.4
                0x10008ca7      0x116 CMakeFiles/psramtest.dir/tlsf.c.obj
 .rodata.tlsf_create.str1.4
                0x10008ca7       0x32 CMakeFiles/psramtest.dir/tlsf.c.obj
 .rodata.tlsf_malloc.str1.4
                0x10008ca7      0x1a7 CMakeFiles/psramtest.dir/tlsf.c.obj
 .rodata.tlsf_free.str1.4
                0x10008ca7      0x110 CMakeFiles/psramtest.dir/tlsf.c.obj
 *fill*         0x10008ca7        0x1 
 .rodata.__func__.2
                0x10008ca8       0x11 CMakeFiles/psramtest.dir/tlsf.c.obj
 *fill*         0x10008cb9        0x3 
 .rodata.__func__.3
                0x10008cbc        0xd CMakeFiles/psramtest.dir/tlsf.c.obj
 *fill*         0x10008cc9        0x3 
 .rodata.__func__.5
                0x10008ccc       0x11 CMakeFiles/psramtest.dir/tlsf.c.obj
 *fill*         0x10008cdd        0x3 
 .rodata.__func__.6
                0x10008ce0        0xa CMakeFiles/psramtest.dir/tlsf.c.obj
 *fill*         0x10008cea        0x2 
 .rodata.__func__.8
                0x10008cec        0xc CMakeFiles/psramtest.dir/tlsf.c.obj
 .rodata.__func__.9
                0x10008cf8       0x10 CMakeFiles/psramtest.dir/tlsf.c.obj
 .rodata.__func__.10
                0x10008d08       0x13 CMakeFiles/psramtest.dir/tlsf.c.obj
 *fill*         0x10008d1b        0x1 
 .rodata.__func__.11
                0x10008d1c       0x16 CMakeFiles/psramtest.dir/tlsf.c.obj
 *fill*         0x10008d32        0x2 
 .rodata.__func__.12
                0x10008d34       0x12 CMakeFiles/psramtest.dir/tlsf.c.obj
 *fill*         0x10008d46        0x2 
 .rodata.__func__.13
                0x10008d48       0x12 CMakeFiles/psramtest.dir/tlsf.c.obj
 *fill*         0x10008d5a        0x2 
 .rodata.__func__.14
                0x10008d5c       0x12 CMakeFiles/psramtest.dir/tlsf.c.obj
 *fill*         0x10008d6e        0x2 
 .rodata.__func__.17
                0x10008d70       0x12 CMakeFiles/psramtest.dir/tlsf.c.obj
 *fill*         0x10008d82        0x2 
 .rodata.__func__.20
                0x10008d84        0xb CMakeFiles/psramtest.dir/tlsf.c.obj
 .rodata.panic.str1.4
                0x10008d8f       0x12 CMakeFiles/psramtest.dir/C_/Users/regue/.pico-sdk/sdk/2.2.0/src/rp2_common/pico_platform_panic/panic.c.obj
 .rodata.spin_lock_claim_unused.str1.4
                0x10008d8f       0x1b CMakeFiles/psramtest.dir/C_/Users/regue/.pico-sdk/sdk/2.2.0/src/rp2_common/hardware_sync/sync.c.obj
 .rodata.resolve_j_16.str1.4
                0x10008d8f       0x5d CMakeFiles/psramtest.dir/C_/Users/regue/.pico-sdk/sdk/2.2.0/src/rp2_common/hardware_irq/irq.c.obj
 .rodata.make_j_16.str1.4
                0x10008d8f       0x30 CMakeFiles/psramtest.dir/C_/Users/regue/.pico-sdk/sdk/2.2.0/src/rp2_common/hardware_irq/irq.c.obj
 .rodata.irq_set_exclusive_handler.str1.4
                0x10008d8f       0x36 CMakeFiles/psramtest.dir/C_/Users/regue/.pico-sdk/sdk/2.2.0/src/rp2_common/hardware_irq/irq.c.obj
 .rodata.irq_add_shared_handler.str1.4
                0x10008d8f       0xd2 CMakeFiles/psramtest.dir/C_/Users/regue/.pico-sdk/sdk/2.2.0/src/rp2_common/hardware_irq/irq.c.obj
 .rodata.irq_add_tail_to_free_list.str1.4
                0x10008d8f       0x3a CMakeFiles/psramtest.dir/C_/Users/regue/.pico-sdk/sdk/2.2.0/src/rp2_common/hardware_irq/irq.c.obj
 .rodata.user_irq_claim_unused.str1.4
                0x10008d8f       0x1b CMakeFiles/psramtest.dir/C_/Users/regue/.pico-sdk/sdk/2.2.0/src/rp2_common/hardware_irq/irq.c.obj
 *fill*         0x10008d8f        0x1 
 .rodata.__func__.0
                0x10008d90       0x1a CMakeFiles/psramtest.dir/C_/Users/regue/.pico-sdk/sdk/2.2.0/src/rp2_common/hardware_irq/irq.c.obj
 *fill*         0x10008daa        0x2 
 .rodata.__func__.3
                0x10008dac        0xa CMakeFiles/psramtest.dir/C_/Users/regue/.pico-sdk/sdk/2.2.0/src/rp2_common/hardware_irq/irq.c.obj
 *fill*         0x10008db6        0x2 
 .rodata.__func__.4
                0x10008db8        0xd CMakeFiles/psramtest.dir/C_/Users/regue/.pico-sdk/sdk/2.2.0/src/rp2_common/hardware_irq/irq.c.obj
 *fill*         0x10008dc5        0x3 
 .rodata.__func__.5
                0x10008dc8       0x17 CMakeFiles/psramtest.dir/C_/Users/regue/.pico-sdk/sdk/2.2.0/src/rp2_common/hardware_irq/irq.c.obj
 *fill*         0x10008ddf        0x1 
 .rodata.__func__.6
                0x10008de0       0x1a CMakeFiles/psramtest.dir/C_/Users/regue/.pico-sdk/sdk/2.2.0/src/rp2_common/hardware_irq/irq.c.obj
 .rodata.runtime_init_mutex.str1.4
                0x10008dfa       0x60 CMakeFiles/psramtest.dir/C_/Users/regue/.pico-sdk/sdk/2.2.0/src/common/pico_sync/mutex.c.obj
 .rodata.str1.4
                0x10008dfa       0x51 CMakeFiles/psramtest.dir/C_/Users/regue/.pico-sdk/sdk/2.2.0/src/common/pico_sync/mutex.c.obj
 *fill*         0x10008dfa        0x2 
 .rodata.__func__.1
                0x10008dfc        0xb CMakeFiles/psramtest.dir/C_/Users/regue/.pico-sdk/sdk/2.2.0/src/common/pico_sync/mutex.c.obj
 *fill*         0x10008e07        0x1 
 .rodata.__func__.3
                0x10008e08       0x18 CMakeFiles/psramtest.dir/C_/Users/regue/.pico-sdk/sdk/2.2.0/src/common/pico_sync/mutex.c.obj
 .rodata.__func__.6
                0x10008e20       0x13 CMakeFiles/psramtest.dir/C_/Users/regue/.pico-sdk/sdk/2.2.0/src/common/pico_sync/mutex.c.obj
 .rodata.alarm_pool_irq_handler.str1.4
                0x10008e33       0x6b CMakeFiles/psramtest.dir/C_/Users/regue/.pico-sdk/sdk/2.2.0/src/common/pico_time/time.c.obj
 .rodata.alarm_pool_get_default.str1.4
                0x10008e33       0x21 CMakeFiles/psramtest.dir/C_/Users/regue/.pico-sdk/sdk/2.2.0/src/common/pico_time/time.c.obj
 .rodata.sleep_until.str1.4
                0x10008e33       0x4d CMakeFiles/psramtest.dir/C_/Users/regue/.pico-sdk/sdk/2.2.0/src/common/pico_time/time.c.obj
 *fill*         0x10008e33        0x1 
 .rodata.__func__.1
                0x10008e34       0x17 CMakeFiles/psramtest.dir/C_/Users/regue/.pico-sdk/sdk/2.2.0/src/common/pico_time/time.c.obj
 *fill*         0x10008e4b        0x1 
 .rodata.__func__.2
                0x10008e4c       0x17 CMakeFiles/psramtest.dir/C_/Users/regue/.pico-sdk/sdk/2.2.0/src/common/pico_time/time.c.obj
 .rodata.timer_hardware_alarm_claim.str1.4
                0x10008e63       0x22 CMakeFiles/psramtest.dir/C_/Users/regue/.pico-sdk/sdk/2.2.0/src/rp2_common/hardware_timer/timer.c.obj
 .rodata.pll_init.str1.4
                0x10008e63      0x11c CMakeFiles/psramtest.dir/C_/Users/regue/.pico-sdk/sdk/2.2.0/src/rp2_common/hardware_pll/pll.c.obj
 *fill*         0x10008e63        0x1 
 .rodata.__func__.0
                0x10008e64        0x9 CMakeFiles/psramtest.dir/C_/Users/regue/.pico-sdk/sdk/2.2.0/src/rp2_common/hardware_pll/pll.c.obj
 .rodata.check_alloc.str1.4
                0x10008e6d        0xe CMakeFiles/psramtest.dir/C_/Users/regue/.pico-sdk/sdk/2.2.0/src/rp2_common/pico_malloc/malloc.c.obj
 .rodata.str1.4
                0x10008e6d       0x44 CMakeFiles/psramtest.dir/C_/Users/regue/.pico-sdk/sdk/2.2.0/src/rp2_common/pico_standard_binary_info/standard_binary_info.c.obj
 *fill*         0x10008e6d        0x3 
 .rodata.__bi_84
                0x10008e70        0xc CMakeFiles/psramtest.dir/C_/Users/regue/.pico-sdk/sdk/2.2.0/src/rp2_common/pico_standard_binary_info/standard_binary_info.c.obj
 .rodata.__bi_78
                0x10008e7c        0xc CMakeFiles/psramtest.dir/C_/Users/regue/.pico-sdk/sdk/2.2.0/src/rp2_common/pico_standard_binary_info/standard_binary_info.c.obj
 .rodata.__bi_60
                0x10008e88        0xc CMakeFiles/psramtest.dir/C_/Users/regue/.pico-sdk/sdk/2.2.0/src/rp2_common/pico_standard_binary_info/standard_binary_info.c.obj
 .rodata.__bi_54
                0x10008e94        0xc CMakeFiles/psramtest.dir/C_/Users/regue/.pico-sdk/sdk/2.2.0/src/rp2_common/pico_standard_binary_info/standard_binary_info.c.obj
 .rodata.__bi_48
                0x10008ea0        0xc CMakeFiles/psramtest.dir/C_/Users/regue/.pico-sdk/sdk/2.2.0/src/rp2_common/pico_standard_binary_info/standard_binary_info.c.obj
 .rodata.__bi_42
                0x10008eac        0xc CMakeFiles/psramtest.dir/C_/Users/regue/.pico-sdk/sdk/2.2.0/src/rp2_common/pico_standard_binary_info/standard_binary_info.c.obj
 .rodata.__bi_34
                0x10008eb8        0xc CMakeFiles/psramtest.dir/C_/Users/regue/.pico-sdk/sdk/2.2.0/src/rp2_common/pico_standard_binary_info/standard_binary_info.c.obj
 .rodata.__bi_26
                0x10008ec4        0xc CMakeFiles/psramtest.dir/C_/Users/regue/.pico-sdk/sdk/2.2.0/src/rp2_common/pico_standard_binary_info/standard_binary_info.c.obj
 .rodata._ftoa.str1.4
                0x10008ed0       0x15 CMakeFiles/psramtest.dir/C_/Users/regue/.pico-sdk/sdk/2.2.0/src/rp2_common/pico_printf/printf.c.obj
 .rodata.pow10.0
                0x10008ed0       0x50 CMakeFiles/psramtest.dir/C_/Users/regue/.pico-sdk/sdk/2.2.0/src/rp2_common/pico_printf/printf.c.obj
 .rodata.__assert_func.str1.4
                0x10008f20       0x43 CMakeFiles/psramtest.dir/C_/Users/regue/.pico-sdk/sdk/2.2.0/src/rp2_common/pico_clib_interface/newlib_interface.c.obj
 .rodata.crlf_str.0
                0x10008f20        0x2 CMakeFiles/psramtest.dir/C_/Users/regue/.pico-sdk/sdk/2.2.0/src/rp2_common/pico_stdio/stdio.c.obj
 *fill*         0x10008f22        0x2 
 .rodata._resetd_driver
                0x10008f24       0x20 CMakeFiles/psramtest.dir/C_/Users/regue/.pico-sdk/sdk/2.2.0/src/rp2_common/pico_stdio_usb/reset_interface.c.obj
 .rodata.desc_ms_os_20
                0x10008f44       0xa6 CMakeFiles/psramtest.dir/C_/Users/regue/.pico-sdk/sdk/2.2.0/src/rp2_common/pico_stdio_usb/reset_interface.c.obj
 *fill*         0x10008fea        0x2 
 .rodata.desc_bos
                0x10008fec       0x21 CMakeFiles/psramtest.dir/C_/Users/regue/.pico-sdk/sdk/2.2.0/src/rp2_common/pico_stdio_usb/reset_interface.c.obj
                0x10008fec                desc_bos
 .rodata.stdio_usb_init.str1.4
                0x1000900d       0x55 CMakeFiles/psramtest.dir/C_/Users/regue/.pico-sdk/sdk/2.2.0/src/rp2_common/pico_stdio_usb/stdio_usb.c.obj
 .rodata.str1.4
                0x1000900d       0x13 CMakeFiles/psramtest.dir/C_/Users/regue/.pico-sdk/sdk/2.2.0/src/rp2_common/pico_stdio_usb/stdio_usb.c.obj
 *fill*         0x1000900d        0x3 
 .rodata.__bi_202.1
                0x10009010        0xc CMakeFiles/psramtest.dir/C_/Users/regue/.pico-sdk/sdk/2.2.0/src/rp2_common/pico_stdio_usb/stdio_usb.c.obj
 .rodata.__func__.2
                0x1000901c        0xf CMakeFiles/psramtest.dir/C_/Users/regue/.pico-sdk/sdk/2.2.0/src/rp2_common/pico_stdio_usb/stdio_usb.c.obj
 .rodata.str1.4
                0x1000902b       0x2a CMakeFiles/psramtest.dir/C_/Users/regue/.pico-sdk/sdk/2.2.0/src/rp2_common/pico_stdio_usb/stdio_usb_descriptors.c.obj
 *fill*         0x1000902b        0x1 
 .rodata.usbd_desc_str
                0x1000902c       0x18 CMakeFiles/psramtest.dir/C_/Users/regue/.pico-sdk/sdk/2.2.0/src/rp2_common/pico_stdio_usb/stdio_usb_descriptors.c.obj
 .rodata.usbd_desc_cfg
                0x10009044       0x54 CMakeFiles/psramtest.dir/C_/Users/regue/.pico-sdk/sdk/2.2.0/src/rp2_common/pico_stdio_usb/stdio_usb_descriptors.c.obj
 .rodata.usbd_desc_device
                0x10009098       0x12 CMakeFiles/psramtest.dir/C_/Users/regue/.pico-sdk/sdk/2.2.0/src/rp2_common/pico_stdio_usb/stdio_usb_descriptors.c.obj
 .rodata._retrieve_unique_id_on_boot.str1.4
                0x100090aa       0x55 CMakeFiles/psramtest.dir/C_/Users/regue/.pico-sdk/sdk/2.2.0/src/rp2_common/pico_unique_id/unique_id.c.obj
 .rodata.pico_get_unique_board_id_string.str1.4
                0x100090aa        0x8 CMakeFiles/psramtest.dir/C_/Users/regue/.pico-sdk/sdk/2.2.0/src/rp2_common/pico_unique_id/unique_id.c.obj
 *fill*         0x100090aa        0x2 
 .rodata.__func__.0
                0x100090ac       0x20 CMakeFiles/psramtest.dir/C_/Users/regue/.pico-sdk/sdk/2.2.0/src/rp2_common/pico_unique_id/unique_id.c.obj
 .rodata.__func__.1
                0x100090cc       0x1c CMakeFiles/psramtest.dir/C_/Users/regue/.pico-sdk/sdk/2.2.0/src/rp2_common/pico_unique_id/unique_id.c.obj
 .rodata.hw_endpoint_alloc.str1.4
                0x100090e8       0xa0 CMakeFiles/psramtest.dir/C_/Users/regue/.pico-sdk/sdk/2.2.0/lib/tinyusb/src/portable/raspberrypi/rp2040/dcd_rp2040.c.obj
 .rodata.str1.4
                0x100090e8       0x14 CMakeFiles/psramtest.dir/C_/Users/regue/.pico-sdk/sdk/2.2.0/lib/tinyusb/src/portable/raspberrypi/rp2040/dcd_rp2040.c.obj
 .rodata.dcd_int_enable.str1.4
                0x100090e8        0xc CMakeFiles/psramtest.dir/C_/Users/regue/.pico-sdk/sdk/2.2.0/lib/tinyusb/src/portable/raspberrypi/rp2040/dcd_rp2040.c.obj
 .rodata.__func__.0
                0x100090e8        0xe CMakeFiles/psramtest.dir/C_/Users/regue/.pico-sdk/sdk/2.2.0/lib/tinyusb/src/portable/raspberrypi/rp2040/dcd_rp2040.c.obj
 *fill*         0x100090f6        0x2 
 .rodata.__func__.3
                0x100090f8       0x10 CMakeFiles/psramtest.dir/C_/Users/regue/.pico-sdk/sdk/2.2.0/lib/tinyusb/src/portable/raspberrypi/rp2040/dcd_rp2040.c.obj
 .rodata.__func__.5
                0x10009108        0xf CMakeFiles/psramtest.dir/C_/Users/regue/.pico-sdk/sdk/2.2.0/lib/tinyusb/src/portable/raspberrypi/rp2040/dcd_rp2040.c.obj
 *fill*         0x10009117        0x1 
 .rodata.__func__.6
                0x10009118       0x12 CMakeFiles/psramtest.dir/C_/Users/regue/.pico-sdk/sdk/2.2.0/lib/tinyusb/src/portable/raspberrypi/rp2040/dcd_rp2040.c.obj
 *fill*         0x1000912a        0x2 
 .rodata.__func__.7
                0x1000912c        0x9 CMakeFiles/psramtest.dir/C_/Users/regue/.pico-sdk/sdk/2.2.0/lib/tinyusb/src/portable/raspberrypi/rp2040/dcd_rp2040.c.obj
 .rodata.str1.4
                0x10009135       0xe4 CMakeFiles/psramtest.dir/C_/Users/regue/.pico-sdk/sdk/2.2.0/lib/tinyusb/src/portable/raspberrypi/rp2040/rp2040_usb.c.obj
 .rodata.hw_endpoint_xfer_start.str1.4
                0x10009135       0x38 CMakeFiles/psramtest.dir/C_/Users/regue/.pico-sdk/sdk/2.2.0/lib/tinyusb/src/portable/raspberrypi/rp2040/rp2040_usb.c.obj
 *fill*         0x10009135        0x3 
 .rodata.__func__.0
                0x10009138        0xf CMakeFiles/psramtest.dir/C_/Users/regue/.pico-sdk/sdk/2.2.0/lib/tinyusb/src/portable/raspberrypi/rp2040/rp2040_usb.c.obj
 .rodata.configuration_reset.str1.4
                0x10009147       0x17 CMakeFiles/psramtest.dir/C_/Users/regue/.pico-sdk/sdk/2.2.0/lib/tinyusb/src/device/usbd.c.obj
 *fill*         0x10009147        0x1 
 .rodata.__func__.3
                0x10009148        0xf CMakeFiles/psramtest.dir/C_/Users/regue/.pico-sdk/sdk/2.2.0/lib/tinyusb/src/device/usbd.c.obj
 *fill*         0x10009157        0x1 
 .rodata.__func__.4
                0x10009158        0xf CMakeFiles/psramtest.dir/C_/Users/regue/.pico-sdk/sdk/2.2.0/lib/tinyusb/src/device/usbd.c.obj
 *fill*         0x10009167        0x1 
 .rodata.__func__.5
                0x10009168       0x14 CMakeFiles/psramtest.dir/C_/Users/regue/.pico-sdk/sdk/2.2.0/lib/tinyusb/src/device/usbd.c.obj
 .rodata.__func__.6
                0x1000917c        0xc CMakeFiles/psramtest.dir/C_/Users/regue/.pico-sdk/sdk/2.2.0/lib/tinyusb/src/device/usbd.c.obj
 .rodata.__func__.7
                0x10009188       0x17 CMakeFiles/psramtest.dir/C_/Users/regue/.pico-sdk/sdk/2.2.0/lib/tinyusb/src/device/usbd.c.obj
 *fill*         0x1000919f        0x1 
 .rodata.__func__.8
                0x100091a0       0x13 CMakeFiles/psramtest.dir/C_/Users/regue/.pico-sdk/sdk/2.2.0/lib/tinyusb/src/device/usbd.c.obj
 *fill*         0x100091b3        0x1 
 .rodata.__func__.9
                0x100091b4       0x18 CMakeFiles/psramtest.dir/C_/Users/regue/.pico-sdk/sdk/2.2.0/lib/tinyusb/src/device/usbd.c.obj
 .rodata.__func__.10
                0x100091cc       0x14 CMakeFiles/psramtest.dir/C_/Users/regue/.pico-sdk/sdk/2.2.0/lib/tinyusb/src/device/usbd.c.obj
 .rodata.__func__.11
                0x100091e0        0xd CMakeFiles/psramtest.dir/C_/Users/regue/.pico-sdk/sdk/2.2.0/lib/tinyusb/src/device/usbd.c.obj
 *fill*         0x100091ed        0x3 
 .rodata.__func__.12
                0x100091f0       0x10 CMakeFiles/psramtest.dir/C_/Users/regue/.pico-sdk/sdk/2.2.0/lib/tinyusb/src/device/usbd.c.obj
 .rodata._usbd_driver
                0x10009200       0x40 CMakeFiles/psramtest.dir/C_/Users/regue/.pico-sdk/sdk/2.2.0/lib/tinyusb/src/device/usbd.c.obj
 .rodata.tud_control_xfer.str1.4
                0x10009240       0x17 CMakeFiles/psramtest.dir/C_/Users/regue/.pico-sdk/sdk/2.2.0/lib/tinyusb/src/device/usbd_control.c.obj
 .rodata.__func__.0
                0x10009240       0x15 CMakeFiles/psramtest.dir/C_/Users/regue/.pico-sdk/sdk/2.2.0/lib/tinyusb/src/device/usbd_control.c.obj
 *fill*         0x10009255        0x3 
 .rodata.__func__.1
                0x10009258       0x11 CMakeFiles/psramtest.dir/C_/Users/regue/.pico-sdk/sdk/2.2.0/lib/tinyusb/src/device/usbd_control.c.obj
 .rodata.tud_cdc_n_write_flush.str1.4
                0x10009269       0x17 CMakeFiles/psramtest.dir/C_/Users/regue/.pico-sdk/sdk/2.2.0/lib/tinyusb/src/class/cdc/cdc_device.c.obj
 *fill*         0x10009269        0x3 
 .rodata.__func__.0
                0x1000926c        0xd CMakeFiles/psramtest.dir/C_/Users/regue/.pico-sdk/sdk/2.2.0/lib/tinyusb/src/class/cdc/cdc_device.c.obj
 *fill*         0x10009279        0x3 
 .rodata.__func__.1
                0x1000927c        0xa CMakeFiles/psramtest.dir/C_/Users/regue/.pico-sdk/sdk/2.2.0/lib/tinyusb/src/class/cdc/cdc_device.c.obj
 *fill*         0x10009286        0x2 
 .rodata.__func__.3
                0x10009288       0x16 CMakeFiles/psramtest.dir/C_/Users/regue/.pico-sdk/sdk/2.2.0/lib/tinyusb/src/class/cdc/cdc_device.c.obj
 .rodata.vendord_open.str1.4
                0x1000929e       0x17 CMakeFiles/psramtest.dir/C_/Users/regue/.pico-sdk/sdk/2.2.0/lib/tinyusb/src/class/vendor/vendor_device.c.obj
 *fill*         0x1000929e        0x2 
 .rodata.__func__.0
                0x100092a0        0xd CMakeFiles/psramtest.dir/C_/Users/regue/.pico-sdk/sdk/2.2.0/lib/tinyusb/src/class/vendor/vendor_device.c.obj
 .rodata.tusb_rhport_init.str1.4